// Vitest Snapshot v1, https://vitest.dev/guide/snapshot.html

exports[`Reel > correct usage > renders all the gutter options 1`] = `
<div
  data-br-reel=""
  style={
    {
      "--gutter": "-.5rem",
    }
  }
>
  <p>
    Lorem ipsum dolor sit amet consectetur adipisicing elit. Molestiae non praesentium delectus, accusamus beatae cumque nam pariatur, eius eaque magni expedita, perferendis ducimus. Deleniti, tenetur modi! Odit, consequatur dicta quas impedit incidunt rerum eaque nesciunt reiciendis nostrum natus libero. Doloribus fuga aut voluptatum accusantium similique, tempora at odio rerum repellat?
  </p>
  <p>
    Lorem ipsum dolor sit amet consectetur adipisicing elit. Molestiae non praesentium delectus, accusamus beatae cumque nam pariatur, eius eaque magni expedita, perferendis ducimus. Deleniti, tenetur modi! Odit, consequatur dicta quas impedit incidunt rerum eaque nesciunt reiciendis nostrum natus libero. Doloribus fuga aut voluptatum accusantium similique, tempora at odio rerum repellat?
  </p>
  <p>
    Lorem ipsum dolor sit amet consectetur adipisicing elit. Molestiae non praesentium delectus, accusamus beatae cumque nam pariatur, eius eaque magni expedita, perferendis ducimus. Deleniti, tenetur modi! Odit, consequatur dicta quas impedit incidunt rerum eaque nesciunt reiciendis nostrum natus libero. Doloribus fuga aut voluptatum accusantium similique, tempora at odio rerum repellat?
  </p>
</div>
`;

exports[`Reel > correct usage > renders all the gutter options 2`] = `
<div
  data-br-reel=""
  style={
    {
      "--gutter": "-.25rem",
    }
  }
>
  <p>
    Lorem ipsum dolor sit amet consectetur adipisicing elit. Molestiae non praesentium delectus, accusamus beatae cumque nam pariatur, eius eaque magni expedita, perferendis ducimus. Deleniti, tenetur modi! Odit, consequatur dicta quas impedit incidunt rerum eaque nesciunt reiciendis nostrum natus libero. Doloribus fuga aut voluptatum accusantium similique, tempora at odio rerum repellat?
  </p>
  <p>
    Lorem ipsum dolor sit amet consectetur adipisicing elit. Molestiae non praesentium delectus, accusamus beatae cumque nam pariatur, eius eaque magni expedita, perferendis ducimus. Deleniti, tenetur modi! Odit, consequatur dicta quas impedit incidunt rerum eaque nesciunt reiciendis nostrum natus libero. Doloribus fuga aut voluptatum accusantium similique, tempora at odio rerum repellat?
  </p>
  <p>
    Lorem ipsum dolor sit amet consectetur adipisicing elit. Molestiae non praesentium delectus, accusamus beatae cumque nam pariatur, eius eaque magni expedita, perferendis ducimus. Deleniti, tenetur modi! Odit, consequatur dicta quas impedit incidunt rerum eaque nesciunt reiciendis nostrum natus libero. Doloribus fuga aut voluptatum accusantium similique, tempora at odio rerum repellat?
  </p>
</div>
`;

exports[`Reel > correct usage > renders all the gutter options 3`] = `
<div
  data-br-reel=""
  style={
    {
      "--gutter": ".25rem",
    }
  }
>
  <p>
    Lorem ipsum dolor sit amet consectetur adipisicing elit. Molestiae non praesentium delectus, accusamus beatae cumque nam pariatur, eius eaque magni expedita, perferendis ducimus. Deleniti, tenetur modi! Odit, consequatur dicta quas impedit incidunt rerum eaque nesciunt reiciendis nostrum natus libero. Doloribus fuga aut voluptatum accusantium similique, tempora at odio rerum repellat?
  </p>
  <p>
    Lorem ipsum dolor sit amet consectetur adipisicing elit. Molestiae non praesentium delectus, accusamus beatae cumque nam pariatur, eius eaque magni expedita, perferendis ducimus. Deleniti, tenetur modi! Odit, consequatur dicta quas impedit incidunt rerum eaque nesciunt reiciendis nostrum natus libero. Doloribus fuga aut voluptatum accusantium similique, tempora at odio rerum repellat?
  </p>
  <p>
    Lorem ipsum dolor sit amet consectetur adipisicing elit. Molestiae non praesentium delectus, accusamus beatae cumque nam pariatur, eius eaque magni expedita, perferendis ducimus. Deleniti, tenetur modi! Odit, consequatur dicta quas impedit incidunt rerum eaque nesciunt reiciendis nostrum natus libero. Doloribus fuga aut voluptatum accusantium similique, tempora at odio rerum repellat?
  </p>
</div>
`;

exports[`Reel > correct usage > renders all the gutter options 4`] = `
<div
  data-br-reel=""
  style={
    {
      "--gutter": ".5rem",
    }
  }
>
  <p>
    Lorem ipsum dolor sit amet consectetur adipisicing elit. Molestiae non praesentium delectus, accusamus beatae cumque nam pariatur, eius eaque magni expedita, perferendis ducimus. Deleniti, tenetur modi! Odit, consequatur dicta quas impedit incidunt rerum eaque nesciunt reiciendis nostrum natus libero. Doloribus fuga aut voluptatum accusantium similique, tempora at odio rerum repellat?
  </p>
  <p>
    Lorem ipsum dolor sit amet consectetur adipisicing elit. Molestiae non praesentium delectus, accusamus beatae cumque nam pariatur, eius eaque magni expedita, perferendis ducimus. Deleniti, tenetur modi! Odit, consequatur dicta quas impedit incidunt rerum eaque nesciunt reiciendis nostrum natus libero. Doloribus fuga aut voluptatum accusantium similique, tempora at odio rerum repellat?
  </p>
  <p>
    Lorem ipsum dolor sit amet consectetur adipisicing elit. Molestiae non praesentium delectus, accusamus beatae cumque nam pariatur, eius eaque magni expedita, perferendis ducimus. Deleniti, tenetur modi! Odit, consequatur dicta quas impedit incidunt rerum eaque nesciunt reiciendis nostrum natus libero. Doloribus fuga aut voluptatum accusantium similique, tempora at odio rerum repellat?
  </p>
</div>
`;

exports[`Reel > correct usage > renders all the gutter options 5`] = `
<div
  data-br-reel=""
  style={
    {
      "--gutter": "1rem",
    }
  }
>
  <p>
    Lorem ipsum dolor sit amet consectetur adipisicing elit. Molestiae non praesentium delectus, accusamus beatae cumque nam pariatur, eius eaque magni expedita, perferendis ducimus. Deleniti, tenetur modi! Odit, consequatur dicta quas impedit incidunt rerum eaque nesciunt reiciendis nostrum natus libero. Doloribus fuga aut voluptatum accusantium similique, tempora at odio rerum repellat?
  </p>
  <p>
    Lorem ipsum dolor sit amet consectetur adipisicing elit. Molestiae non praesentium delectus, accusamus beatae cumque nam pariatur, eius eaque magni expedita, perferendis ducimus. Deleniti, tenetur modi! Odit, consequatur dicta quas impedit incidunt rerum eaque nesciunt reiciendis nostrum natus libero. Doloribus fuga aut voluptatum accusantium similique, tempora at odio rerum repellat?
  </p>
  <p>
    Lorem ipsum dolor sit amet consectetur adipisicing elit. Molestiae non praesentium delectus, accusamus beatae cumque nam pariatur, eius eaque magni expedita, perferendis ducimus. Deleniti, tenetur modi! Odit, consequatur dicta quas impedit incidunt rerum eaque nesciunt reiciendis nostrum natus libero. Doloribus fuga aut voluptatum accusantium similique, tempora at odio rerum repellat?
  </p>
</div>
`;

exports[`Reel > correct usage > renders all the gutter options 6`] = `
<div
  data-br-reel=""
  style={
    {
      "--gutter": "1.25rem",
    }
  }
>
  <p>
    Lorem ipsum dolor sit amet consectetur adipisicing elit. Molestiae non praesentium delectus, accusamus beatae cumque nam pariatur, eius eaque magni expedita, perferendis ducimus. Deleniti, tenetur modi! Odit, consequatur dicta quas impedit incidunt rerum eaque nesciunt reiciendis nostrum natus libero. Doloribus fuga aut voluptatum accusantium similique, tempora at odio rerum repellat?
  </p>
  <p>
    Lorem ipsum dolor sit amet consectetur adipisicing elit. Molestiae non praesentium delectus, accusamus beatae cumque nam pariatur, eius eaque magni expedita, perferendis ducimus. Deleniti, tenetur modi! Odit, consequatur dicta quas impedit incidunt rerum eaque nesciunt reiciendis nostrum natus libero. Doloribus fuga aut voluptatum accusantium similique, tempora at odio rerum repellat?
  </p>
  <p>
    Lorem ipsum dolor sit amet consectetur adipisicing elit. Molestiae non praesentium delectus, accusamus beatae cumque nam pariatur, eius eaque magni expedita, perferendis ducimus. Deleniti, tenetur modi! Odit, consequatur dicta quas impedit incidunt rerum eaque nesciunt reiciendis nostrum natus libero. Doloribus fuga aut voluptatum accusantium similique, tempora at odio rerum repellat?
  </p>
</div>
`;

exports[`Reel > correct usage > renders all the gutter options 7`] = `
<div
  data-br-reel=""
  style={
    {
      "--gutter": "1.5rem",
    }
  }
>
  <p>
    Lorem ipsum dolor sit amet consectetur adipisicing elit. Molestiae non praesentium delectus, accusamus beatae cumque nam pariatur, eius eaque magni expedita, perferendis ducimus. Deleniti, tenetur modi! Odit, consequatur dicta quas impedit incidunt rerum eaque nesciunt reiciendis nostrum natus libero. Doloribus fuga aut voluptatum accusantium similique, tempora at odio rerum repellat?
  </p>
  <p>
    Lorem ipsum dolor sit amet consectetur adipisicing elit. Molestiae non praesentium delectus, accusamus beatae cumque nam pariatur, eius eaque magni expedita, perferendis ducimus. Deleniti, tenetur modi! Odit, consequatur dicta quas impedit incidunt rerum eaque nesciunt reiciendis nostrum natus libero. Doloribus fuga aut voluptatum accusantium similique, tempora at odio rerum repellat?
  </p>
  <p>
    Lorem ipsum dolor sit amet consectetur adipisicing elit. Molestiae non praesentium delectus, accusamus beatae cumque nam pariatur, eius eaque magni expedita, perferendis ducimus. Deleniti, tenetur modi! Odit, consequatur dicta quas impedit incidunt rerum eaque nesciunt reiciendis nostrum natus libero. Doloribus fuga aut voluptatum accusantium similique, tempora at odio rerum repellat?
  </p>
</div>
`;

exports[`Reel > correct usage > renders all the gutter options 8`] = `
<div
  data-br-reel=""
  style={
    {
      "--gutter": "1.75rem",
    }
  }
>
  <p>
    Lorem ipsum dolor sit amet consectetur adipisicing elit. Molestiae non praesentium delectus, accusamus beatae cumque nam pariatur, eius eaque magni expedita, perferendis ducimus. Deleniti, tenetur modi! Odit, consequatur dicta quas impedit incidunt rerum eaque nesciunt reiciendis nostrum natus libero. Doloribus fuga aut voluptatum accusantium similique, tempora at odio rerum repellat?
  </p>
  <p>
    Lorem ipsum dolor sit amet consectetur adipisicing elit. Molestiae non praesentium delectus, accusamus beatae cumque nam pariatur, eius eaque magni expedita, perferendis ducimus. Deleniti, tenetur modi! Odit, consequatur dicta quas impedit incidunt rerum eaque nesciunt reiciendis nostrum natus libero. Doloribus fuga aut voluptatum accusantium similique, tempora at odio rerum repellat?
  </p>
  <p>
    Lorem ipsum dolor sit amet consectetur adipisicing elit. Molestiae non praesentium delectus, accusamus beatae cumque nam pariatur, eius eaque magni expedita, perferendis ducimus. Deleniti, tenetur modi! Odit, consequatur dicta quas impedit incidunt rerum eaque nesciunt reiciendis nostrum natus libero. Doloribus fuga aut voluptatum accusantium similique, tempora at odio rerum repellat?
  </p>
</div>
`;

exports[`Reel > correct usage > renders all the gutter options 9`] = `
<div
  data-br-reel=""
  style={
    {
      "--gutter": "2rem",
    }
  }
>
  <p>
    Lorem ipsum dolor sit amet consectetur adipisicing elit. Molestiae non praesentium delectus, accusamus beatae cumque nam pariatur, eius eaque magni expedita, perferendis ducimus. Deleniti, tenetur modi! Odit, consequatur dicta quas impedit incidunt rerum eaque nesciunt reiciendis nostrum natus libero. Doloribus fuga aut voluptatum accusantium similique, tempora at odio rerum repellat?
  </p>
  <p>
    Lorem ipsum dolor sit amet consectetur adipisicing elit. Molestiae non praesentium delectus, accusamus beatae cumque nam pariatur, eius eaque magni expedita, perferendis ducimus. Deleniti, tenetur modi! Odit, consequatur dicta quas impedit incidunt rerum eaque nesciunt reiciendis nostrum natus libero. Doloribus fuga aut voluptatum accusantium similique, tempora at odio rerum repellat?
  </p>
  <p>
    Lorem ipsum dolor sit amet consectetur adipisicing elit. Molestiae non praesentium delectus, accusamus beatae cumque nam pariatur, eius eaque magni expedita, perferendis ducimus. Deleniti, tenetur modi! Odit, consequatur dicta quas impedit incidunt rerum eaque nesciunt reiciendis nostrum natus libero. Doloribus fuga aut voluptatum accusantium similique, tempora at odio rerum repellat?
  </p>
</div>
`;

exports[`Reel > correct usage > renders all the gutter options 10`] = `
<div
  data-br-reel=""
  style={
    {
      "--gutter": "3rem",
    }
  }
>
  <p>
    Lorem ipsum dolor sit amet consectetur adipisicing elit. Molestiae non praesentium delectus, accusamus beatae cumque nam pariatur, eius eaque magni expedita, perferendis ducimus. Deleniti, tenetur modi! Odit, consequatur dicta quas impedit incidunt rerum eaque nesciunt reiciendis nostrum natus libero. Doloribus fuga aut voluptatum accusantium similique, tempora at odio rerum repellat?
  </p>
  <p>
    Lorem ipsum dolor sit amet consectetur adipisicing elit. Molestiae non praesentium delectus, accusamus beatae cumque nam pariatur, eius eaque magni expedita, perferendis ducimus. Deleniti, tenetur modi! Odit, consequatur dicta quas impedit incidunt rerum eaque nesciunt reiciendis nostrum natus libero. Doloribus fuga aut voluptatum accusantium similique, tempora at odio rerum repellat?
  </p>
  <p>
    Lorem ipsum dolor sit amet consectetur adipisicing elit. Molestiae non praesentium delectus, accusamus beatae cumque nam pariatur, eius eaque magni expedita, perferendis ducimus. Deleniti, tenetur modi! Odit, consequatur dicta quas impedit incidunt rerum eaque nesciunt reiciendis nostrum natus libero. Doloribus fuga aut voluptatum accusantium similique, tempora at odio rerum repellat?
  </p>
</div>
`;

exports[`Reel > correct usage > renders all the gutter options 11`] = `
<div
  data-br-reel=""
  style={
    {
      "--gutter": "4rem",
    }
  }
>
  <p>
    Lorem ipsum dolor sit amet consectetur adipisicing elit. Molestiae non praesentium delectus, accusamus beatae cumque nam pariatur, eius eaque magni expedita, perferendis ducimus. Deleniti, tenetur modi! Odit, consequatur dicta quas impedit incidunt rerum eaque nesciunt reiciendis nostrum natus libero. Doloribus fuga aut voluptatum accusantium similique, tempora at odio rerum repellat?
  </p>
  <p>
    Lorem ipsum dolor sit amet consectetur adipisicing elit. Molestiae non praesentium delectus, accusamus beatae cumque nam pariatur, eius eaque magni expedita, perferendis ducimus. Deleniti, tenetur modi! Odit, consequatur dicta quas impedit incidunt rerum eaque nesciunt reiciendis nostrum natus libero. Doloribus fuga aut voluptatum accusantium similique, tempora at odio rerum repellat?
  </p>
  <p>
    Lorem ipsum dolor sit amet consectetur adipisicing elit. Molestiae non praesentium delectus, accusamus beatae cumque nam pariatur, eius eaque magni expedita, perferendis ducimus. Deleniti, tenetur modi! Odit, consequatur dicta quas impedit incidunt rerum eaque nesciunt reiciendis nostrum natus libero. Doloribus fuga aut voluptatum accusantium similique, tempora at odio rerum repellat?
  </p>
</div>
`;

exports[`Reel > correct usage > renders all the gutter options 12`] = `
<div
  data-br-reel=""
  style={
    {
      "--gutter": "5rem",
    }
  }
>
  <p>
    Lorem ipsum dolor sit amet consectetur adipisicing elit. Molestiae non praesentium delectus, accusamus beatae cumque nam pariatur, eius eaque magni expedita, perferendis ducimus. Deleniti, tenetur modi! Odit, consequatur dicta quas impedit incidunt rerum eaque nesciunt reiciendis nostrum natus libero. Doloribus fuga aut voluptatum accusantium similique, tempora at odio rerum repellat?
  </p>
  <p>
    Lorem ipsum dolor sit amet consectetur adipisicing elit. Molestiae non praesentium delectus, accusamus beatae cumque nam pariatur, eius eaque magni expedita, perferendis ducimus. Deleniti, tenetur modi! Odit, consequatur dicta quas impedit incidunt rerum eaque nesciunt reiciendis nostrum natus libero. Doloribus fuga aut voluptatum accusantium similique, tempora at odio rerum repellat?
  </p>
  <p>
    Lorem ipsum dolor sit amet consectetur adipisicing elit. Molestiae non praesentium delectus, accusamus beatae cumque nam pariatur, eius eaque magni expedita, perferendis ducimus. Deleniti, tenetur modi! Odit, consequatur dicta quas impedit incidunt rerum eaque nesciunt reiciendis nostrum natus libero. Doloribus fuga aut voluptatum accusantium similique, tempora at odio rerum repellat?
  </p>
</div>
`;

exports[`Reel > correct usage > renders all the gutter options 13`] = `
<div
  data-br-reel=""
  style={
    {
      "--gutter": "7.5rem",
    }
  }
>
  <p>
    Lorem ipsum dolor sit amet consectetur adipisicing elit. Molestiae non praesentium delectus, accusamus beatae cumque nam pariatur, eius eaque magni expedita, perferendis ducimus. Deleniti, tenetur modi! Odit, consequatur dicta quas impedit incidunt rerum eaque nesciunt reiciendis nostrum natus libero. Doloribus fuga aut voluptatum accusantium similique, tempora at odio rerum repellat?
  </p>
  <p>
    Lorem ipsum dolor sit amet consectetur adipisicing elit. Molestiae non praesentium delectus, accusamus beatae cumque nam pariatur, eius eaque magni expedita, perferendis ducimus. Deleniti, tenetur modi! Odit, consequatur dicta quas impedit incidunt rerum eaque nesciunt reiciendis nostrum natus libero. Doloribus fuga aut voluptatum accusantium similique, tempora at odio rerum repellat?
  </p>
  <p>
    Lorem ipsum dolor sit amet consectetur adipisicing elit. Molestiae non praesentium delectus, accusamus beatae cumque nam pariatur, eius eaque magni expedita, perferendis ducimus. Deleniti, tenetur modi! Odit, consequatur dicta quas impedit incidunt rerum eaque nesciunt reiciendis nostrum natus libero. Doloribus fuga aut voluptatum accusantium similique, tempora at odio rerum repellat?
  </p>
</div>
`;

exports[`Reel > correct usage > renders all the gutter options 14`] = `
<div
  data-br-reel=""
  style={
    {
      "--gutter": "10rem",
    }
  }
>
  <p>
    Lorem ipsum dolor sit amet consectetur adipisicing elit. Molestiae non praesentium delectus, accusamus beatae cumque nam pariatur, eius eaque magni expedita, perferendis ducimus. Deleniti, tenetur modi! Odit, consequatur dicta quas impedit incidunt rerum eaque nesciunt reiciendis nostrum natus libero. Doloribus fuga aut voluptatum accusantium similique, tempora at odio rerum repellat?
  </p>
  <p>
    Lorem ipsum dolor sit amet consectetur adipisicing elit. Molestiae non praesentium delectus, accusamus beatae cumque nam pariatur, eius eaque magni expedita, perferendis ducimus. Deleniti, tenetur modi! Odit, consequatur dicta quas impedit incidunt rerum eaque nesciunt reiciendis nostrum natus libero. Doloribus fuga aut voluptatum accusantium similique, tempora at odio rerum repellat?
  </p>
  <p>
    Lorem ipsum dolor sit amet consectetur adipisicing elit. Molestiae non praesentium delectus, accusamus beatae cumque nam pariatur, eius eaque magni expedita, perferendis ducimus. Deleniti, tenetur modi! Odit, consequatur dicta quas impedit incidunt rerum eaque nesciunt reiciendis nostrum natus libero. Doloribus fuga aut voluptatum accusantium similique, tempora at odio rerum repellat?
  </p>
</div>
`;

exports[`Reel > correct usage > renders all the gutter options 15`] = `
<div
  data-br-reel=""
  style={
    {
      "--gutter": "15rem",
    }
  }
>
  <p>
    Lorem ipsum dolor sit amet consectetur adipisicing elit. Molestiae non praesentium delectus, accusamus beatae cumque nam pariatur, eius eaque magni expedita, perferendis ducimus. Deleniti, tenetur modi! Odit, consequatur dicta quas impedit incidunt rerum eaque nesciunt reiciendis nostrum natus libero. Doloribus fuga aut voluptatum accusantium similique, tempora at odio rerum repellat?
  </p>
  <p>
    Lorem ipsum dolor sit amet consectetur adipisicing elit. Molestiae non praesentium delectus, accusamus beatae cumque nam pariatur, eius eaque magni expedita, perferendis ducimus. Deleniti, tenetur modi! Odit, consequatur dicta quas impedit incidunt rerum eaque nesciunt reiciendis nostrum natus libero. Doloribus fuga aut voluptatum accusantium similique, tempora at odio rerum repellat?
  </p>
  <p>
    Lorem ipsum dolor sit amet consectetur adipisicing elit. Molestiae non praesentium delectus, accusamus beatae cumque nam pariatur, eius eaque magni expedita, perferendis ducimus. Deleniti, tenetur modi! Odit, consequatur dicta quas impedit incidunt rerum eaque nesciunt reiciendis nostrum natus libero. Doloribus fuga aut voluptatum accusantium similique, tempora at odio rerum repellat?
  </p>
</div>
`;

exports[`Reel > correct usage > renders all the gutter options 16`] = `
<div
  data-br-reel=""
  style={
    {
      "--gutter": "20rem",
    }
  }
>
  <p>
    Lorem ipsum dolor sit amet consectetur adipisicing elit. Molestiae non praesentium delectus, accusamus beatae cumque nam pariatur, eius eaque magni expedita, perferendis ducimus. Deleniti, tenetur modi! Odit, consequatur dicta quas impedit incidunt rerum eaque nesciunt reiciendis nostrum natus libero. Doloribus fuga aut voluptatum accusantium similique, tempora at odio rerum repellat?
  </p>
  <p>
    Lorem ipsum dolor sit amet consectetur adipisicing elit. Molestiae non praesentium delectus, accusamus beatae cumque nam pariatur, eius eaque magni expedita, perferendis ducimus. Deleniti, tenetur modi! Odit, consequatur dicta quas impedit incidunt rerum eaque nesciunt reiciendis nostrum natus libero. Doloribus fuga aut voluptatum accusantium similique, tempora at odio rerum repellat?
  </p>
  <p>
    Lorem ipsum dolor sit amet consectetur adipisicing elit. Molestiae non praesentium delectus, accusamus beatae cumque nam pariatur, eius eaque magni expedita, perferendis ducimus. Deleniti, tenetur modi! Odit, consequatur dicta quas impedit incidunt rerum eaque nesciunt reiciendis nostrum natus libero. Doloribus fuga aut voluptatum accusantium similique, tempora at odio rerum repellat?
  </p>
</div>
`;

exports[`Reel > correct usage > renders all the gutter options 17`] = `
<div
  data-br-reel=""
  style={
    {
      "--gutter": "30rem",
    }
  }
>
  <p>
    Lorem ipsum dolor sit amet consectetur adipisicing elit. Molestiae non praesentium delectus, accusamus beatae cumque nam pariatur, eius eaque magni expedita, perferendis ducimus. Deleniti, tenetur modi! Odit, consequatur dicta quas impedit incidunt rerum eaque nesciunt reiciendis nostrum natus libero. Doloribus fuga aut voluptatum accusantium similique, tempora at odio rerum repellat?
  </p>
  <p>
    Lorem ipsum dolor sit amet consectetur adipisicing elit. Molestiae non praesentium delectus, accusamus beatae cumque nam pariatur, eius eaque magni expedita, perferendis ducimus. Deleniti, tenetur modi! Odit, consequatur dicta quas impedit incidunt rerum eaque nesciunt reiciendis nostrum natus libero. Doloribus fuga aut voluptatum accusantium similique, tempora at odio rerum repellat?
  </p>
  <p>
    Lorem ipsum dolor sit amet consectetur adipisicing elit. Molestiae non praesentium delectus, accusamus beatae cumque nam pariatur, eius eaque magni expedita, perferendis ducimus. Deleniti, tenetur modi! Odit, consequatur dicta quas impedit incidunt rerum eaque nesciunt reiciendis nostrum natus libero. Doloribus fuga aut voluptatum accusantium similique, tempora at odio rerum repellat?
  </p>
</div>
`;

exports[`Reel > correct usage > renders custom gutter as number 1`] = `
<div
  data-br-reel=""
  style={
    {
      "--gutter": "20px",
    }
  }
>
  <p>
    Lorem ipsum dolor sit amet consectetur adipisicing elit. Molestiae non praesentium delectus, accusamus beatae cumque nam pariatur, eius eaque magni expedita, perferendis ducimus. Deleniti, tenetur modi! Odit, consequatur dicta quas impedit incidunt rerum eaque nesciunt reiciendis nostrum natus libero. Doloribus fuga aut voluptatum accusantium similique, tempora at odio rerum repellat?
  </p>
  <p>
    Lorem ipsum dolor sit amet consectetur adipisicing elit. Molestiae non praesentium delectus, accusamus beatae cumque nam pariatur, eius eaque magni expedita, perferendis ducimus. Deleniti, tenetur modi! Odit, consequatur dicta quas impedit incidunt rerum eaque nesciunt reiciendis nostrum natus libero. Doloribus fuga aut voluptatum accusantium similique, tempora at odio rerum repellat?
  </p>
  <p>
    Lorem ipsum dolor sit amet consectetur adipisicing elit. Molestiae non praesentium delectus, accusamus beatae cumque nam pariatur, eius eaque magni expedita, perferendis ducimus. Deleniti, tenetur modi! Odit, consequatur dicta quas impedit incidunt rerum eaque nesciunt reiciendis nostrum natus libero. Doloribus fuga aut voluptatum accusantium similique, tempora at odio rerum repellat?
  </p>
</div>
`;

exports[`Reel > correct usage > renders custom gutter as string 1`] = `
<div
  data-br-reel=""
  style={
    {
      "--gutter": "3ch",
    }
  }
>
  <p>
    Lorem ipsum dolor sit amet consectetur adipisicing elit. Molestiae non praesentium delectus, accusamus beatae cumque nam pariatur, eius eaque magni expedita, perferendis ducimus. Deleniti, tenetur modi! Odit, consequatur dicta quas impedit incidunt rerum eaque nesciunt reiciendis nostrum natus libero. Doloribus fuga aut voluptatum accusantium similique, tempora at odio rerum repellat?
  </p>
  <p>
    Lorem ipsum dolor sit amet consectetur adipisicing elit. Molestiae non praesentium delectus, accusamus beatae cumque nam pariatur, eius eaque magni expedita, perferendis ducimus. Deleniti, tenetur modi! Odit, consequatur dicta quas impedit incidunt rerum eaque nesciunt reiciendis nostrum natus libero. Doloribus fuga aut voluptatum accusantium similique, tempora at odio rerum repellat?
  </p>
  <p>
    Lorem ipsum dolor sit amet consectetur adipisicing elit. Molestiae non praesentium delectus, accusamus beatae cumque nam pariatur, eius eaque magni expedita, perferendis ducimus. Deleniti, tenetur modi! Odit, consequatur dicta quas impedit incidunt rerum eaque nesciunt reiciendis nostrum natus libero. Doloribus fuga aut voluptatum accusantium similique, tempora at odio rerum repellat?
  </p>
</div>
`;

exports[`Reel > correct usage > renders default gutter when none supplied 1`] = `
<div
  data-br-reel=""
  style={
    {
      "--gutter": undefined,
    }
  }
>
  <p>
    Lorem ipsum dolor sit amet consectetur adipisicing elit. Molestiae non praesentium delectus, accusamus beatae cumque nam pariatur, eius eaque magni expedita, perferendis ducimus. Deleniti, tenetur modi! Odit, consequatur dicta quas impedit incidunt rerum eaque nesciunt reiciendis nostrum natus libero. Doloribus fuga aut voluptatum accusantium similique, tempora at odio rerum repellat?
  </p>
  <p>
    Lorem ipsum dolor sit amet consectetur adipisicing elit. Molestiae non praesentium delectus, accusamus beatae cumque nam pariatur, eius eaque magni expedita, perferendis ducimus. Deleniti, tenetur modi! Odit, consequatur dicta quas impedit incidunt rerum eaque nesciunt reiciendis nostrum natus libero. Doloribus fuga aut voluptatum accusantium similique, tempora at odio rerum repellat?
  </p>
  <p>
    Lorem ipsum dolor sit amet consectetur adipisicing elit. Molestiae non praesentium delectus, accusamus beatae cumque nam pariatur, eius eaque magni expedita, perferendis ducimus. Deleniti, tenetur modi! Odit, consequatur dicta quas impedit incidunt rerum eaque nesciunt reiciendis nostrum natus libero. Doloribus fuga aut voluptatum accusantium similique, tempora at odio rerum repellat?
  </p>
</div>
`;

exports[`Reel > correct usage > renders snapTypes 1`] = `
<div
  data-br-reel="snapType:none"
  style={
    {
      "--gutter": "1rem",
    }
  }
>
  <p>
    Lorem ipsum dolor sit amet consectetur adipisicing elit. Molestiae non praesentium delectus, accusamus beatae cumque nam pariatur, eius eaque magni expedita, perferendis ducimus. Deleniti, tenetur modi! Odit, consequatur dicta quas impedit incidunt rerum eaque nesciunt reiciendis nostrum natus libero. Doloribus fuga aut voluptatum accusantium similique, tempora at odio rerum repellat?
  </p>
  <p>
    Lorem ipsum dolor sit amet consectetur adipisicing elit. Molestiae non praesentium delectus, accusamus beatae cumque nam pariatur, eius eaque magni expedita, perferendis ducimus. Deleniti, tenetur modi! Odit, consequatur dicta quas impedit incidunt rerum eaque nesciunt reiciendis nostrum natus libero. Doloribus fuga aut voluptatum accusantium similique, tempora at odio rerum repellat?
  </p>
  <p>
    Lorem ipsum dolor sit amet consectetur adipisicing elit. Molestiae non praesentium delectus, accusamus beatae cumque nam pariatur, eius eaque magni expedita, perferendis ducimus. Deleniti, tenetur modi! Odit, consequatur dicta quas impedit incidunt rerum eaque nesciunt reiciendis nostrum natus libero. Doloribus fuga aut voluptatum accusantium similique, tempora at odio rerum repellat?
  </p>
</div>
`;

exports[`Reel > correct usage > renders snapTypes 2`] = `
<div
  data-br-reel="snapType:mandatory"
  style={
    {
      "--gutter": "1rem",
    }
  }
>
  <p>
    Lorem ipsum dolor sit amet consectetur adipisicing elit. Molestiae non praesentium delectus, accusamus beatae cumque nam pariatur, eius eaque magni expedita, perferendis ducimus. Deleniti, tenetur modi! Odit, consequatur dicta quas impedit incidunt rerum eaque nesciunt reiciendis nostrum natus libero. Doloribus fuga aut voluptatum accusantium similique, tempora at odio rerum repellat?
  </p>
  <p>
    Lorem ipsum dolor sit amet consectetur adipisicing elit. Molestiae non praesentium delectus, accusamus beatae cumque nam pariatur, eius eaque magni expedita, perferendis ducimus. Deleniti, tenetur modi! Odit, consequatur dicta quas impedit incidunt rerum eaque nesciunt reiciendis nostrum natus libero. Doloribus fuga aut voluptatum accusantium similique, tempora at odio rerum repellat?
  </p>
  <p>
    Lorem ipsum dolor sit amet consectetur adipisicing elit. Molestiae non praesentium delectus, accusamus beatae cumque nam pariatur, eius eaque magni expedita, perferendis ducimus. Deleniti, tenetur modi! Odit, consequatur dicta quas impedit incidunt rerum eaque nesciunt reiciendis nostrum natus libero. Doloribus fuga aut voluptatum accusantium similique, tempora at odio rerum repellat?
  </p>
</div>
`;

exports[`Reel > correct usage > renders snapTypes 3`] = `
<div
  data-br-reel="snapType:proximity"
  style={
    {
      "--gutter": "1rem",
    }
  }
>
  <p>
    Lorem ipsum dolor sit amet consectetur adipisicing elit. Molestiae non praesentium delectus, accusamus beatae cumque nam pariatur, eius eaque magni expedita, perferendis ducimus. Deleniti, tenetur modi! Odit, consequatur dicta quas impedit incidunt rerum eaque nesciunt reiciendis nostrum natus libero. Doloribus fuga aut voluptatum accusantium similique, tempora at odio rerum repellat?
  </p>
  <p>
    Lorem ipsum dolor sit amet consectetur adipisicing elit. Molestiae non praesentium delectus, accusamus beatae cumque nam pariatur, eius eaque magni expedita, perferendis ducimus. Deleniti, tenetur modi! Odit, consequatur dicta quas impedit incidunt rerum eaque nesciunt reiciendis nostrum natus libero. Doloribus fuga aut voluptatum accusantium similique, tempora at odio rerum repellat?
  </p>
  <p>
    Lorem ipsum dolor sit amet consectetur adipisicing elit. Molestiae non praesentium delectus, accusamus beatae cumque nam pariatur, eius eaque magni expedita, perferendis ducimus. Deleniti, tenetur modi! Odit, consequatur dicta quas impedit incidunt rerum eaque nesciunt reiciendis nostrum natus libero. Doloribus fuga aut voluptatum accusantium similique, tempora at odio rerum repellat?
  </p>
</div>
`;

exports[`Reel > incorrect usage > renders with console error with incorrect gutter 1`] = `
<div
  data-br-reel=""
  style={
    {
      "--gutter": undefined,
    }
  }
>
  <p>
    Lorem ipsum dolor sit amet consectetur adipisicing elit. Molestiae non praesentium delectus, accusamus beatae cumque nam pariatur, eius eaque magni expedita, perferendis ducimus. Deleniti, tenetur modi! Odit, consequatur dicta quas impedit incidunt rerum eaque nesciunt reiciendis nostrum natus libero. Doloribus fuga aut voluptatum accusantium similique, tempora at odio rerum repellat?
  </p>
  <p>
    Lorem ipsum dolor sit amet consectetur adipisicing elit. Molestiae non praesentium delectus, accusamus beatae cumque nam pariatur, eius eaque magni expedita, perferendis ducimus. Deleniti, tenetur modi! Odit, consequatur dicta quas impedit incidunt rerum eaque nesciunt reiciendis nostrum natus libero. Doloribus fuga aut voluptatum accusantium similique, tempora at odio rerum repellat?
  </p>
  <p>
    Lorem ipsum dolor sit amet consectetur adipisicing elit. Molestiae non praesentium delectus, accusamus beatae cumque nam pariatur, eius eaque magni expedita, perferendis ducimus. Deleniti, tenetur modi! Odit, consequatur dicta quas impedit incidunt rerum eaque nesciunt reiciendis nostrum natus libero. Doloribus fuga aut voluptatum accusantium similique, tempora at odio rerum repellat?
  </p>
</div>
`;

exports[`Reel > incorrect usage > renders with console error with incorrect snapType 1`] = `
<div
  data-br-reel="snapType:incorrect"
  style={
    {
      "--gutter": "1rem",
    }
  }
>
  <p>
    Lorem ipsum dolor sit amet consectetur adipisicing elit. Molestiae non praesentium delectus, accusamus beatae cumque nam pariatur, eius eaque magni expedita, perferendis ducimus. Deleniti, tenetur modi! Odit, consequatur dicta quas impedit incidunt rerum eaque nesciunt reiciendis nostrum natus libero. Doloribus fuga aut voluptatum accusantium similique, tempora at odio rerum repellat?
  </p>
  <p>
    Lorem ipsum dolor sit amet consectetur adipisicing elit. Molestiae non praesentium delectus, accusamus beatae cumque nam pariatur, eius eaque magni expedita, perferendis ducimus. Deleniti, tenetur modi! Odit, consequatur dicta quas impedit incidunt rerum eaque nesciunt reiciendis nostrum natus libero. Doloribus fuga aut voluptatum accusantium similique, tempora at odio rerum repellat?
  </p>
  <p>
    Lorem ipsum dolor sit amet consectetur adipisicing elit. Molestiae non praesentium delectus, accusamus beatae cumque nam pariatur, eius eaque magni expedita, perferendis ducimus. Deleniti, tenetur modi! Odit, consequatur dicta quas impedit incidunt rerum eaque nesciunt reiciendis nostrum natus libero. Doloribus fuga aut voluptatum accusantium similique, tempora at odio rerum repellat?
  </p>
</div>
`;
