// Jest Snapshot v1, https://goo.gl/fbAQLP

exports[`useStatefulRef should call not call setState when setting value to same value 1`] = `
Array [
  Array [
    "Test",
  ],
]
`;

exports[`useStatefulRef should call setState when setting value 1`] = `
Object {
  "current": "Test",
}
`;
