// Vitest Snapshot v1, https://vitest.dev/guide/snapshot.html

exports[`AppBoundary > correct usage > renders boundarySize 1`] = `
<div
  data-bedrock-appboundary={true}
  style={
    {
      "height": "100%",
      "maxInlineSize": "100%",
      "padding": 0,
    }
  }
>
  <div
    data-br-center=""
    style={
      {
        "--maxWidth": "639px",
      }
    }
  >
    <p>
      Lorem ipsum dolor sit amet, consectetur adipiscing elit. Nullam in vestibulum tortor, vitae venenatis lectus. Praesent gravida dapibus neque sit amet molestie. Morbi blandit eu dolor a luctus. Vestibulum sollicitudin elit ac nunc scelerisque rhoncus. Nulla felis sapien, condimentum ut imperdiet vel, aliquet id ante. Pellentesque habitant morbi tristique senectus et netus et malesuada fames ac turpis egestas. Quisque ultrices, quam nec scelerisque malesuada, lectus elit semper diam, ac placerat purus tortor et enim.
    </p>
    <p>
      Lorem ipsum dolor sit amet, consectetur adipiscing elit. Nullam in vestibulum tortor, vitae venenatis lectus. Praesent gravida dapibus neque sit amet molestie. Morbi blandit eu dolor a luctus. Vestibulum sollicitudin elit ac nunc scelerisque rhoncus. Nulla felis sapien, condimentum ut imperdiet vel, aliquet id ante. Pellentesque habitant morbi tristique senectus et netus et malesuada fames ac turpis egestas. Quisque ultrices, quam nec scelerisque malesuada, lectus elit semper diam, ac placerat purus tortor et enim.
    </p>
    <p>
      Lorem ipsum dolor sit amet, consectetur adipiscing elit. Nullam in vestibulum tortor, vitae venenatis lectus. Praesent gravida dapibus neque sit amet molestie. Morbi blandit eu dolor a luctus. Vestibulum sollicitudin elit ac nunc scelerisque rhoncus. Nulla felis sapien, condimentum ut imperdiet vel, aliquet id ante. Pellentesque habitant morbi tristique senectus et netus et malesuada fames ac turpis egestas. Quisque ultrices, quam nec scelerisque malesuada, lectus elit semper diam, ac placerat purus tortor et enim.
    </p>
    <p>
      Lorem ipsum dolor sit amet, consectetur adipiscing elit. Nullam in vestibulum tortor, vitae venenatis lectus. Praesent gravida dapibus neque sit amet molestie. Morbi blandit eu dolor a luctus. Vestibulum sollicitudin elit ac nunc scelerisque rhoncus. Nulla felis sapien, condimentum ut imperdiet vel, aliquet id ante. Pellentesque habitant morbi tristique senectus et netus et malesuada fames ac turpis egestas. Quisque ultrices, quam nec scelerisque malesuada, lectus elit semper diam, ac placerat purus tortor et enim.
    </p>
  </div>
</div>
`;

exports[`AppBoundary > correct usage > renders boundarySize 2`] = `
<div
  data-bedrock-appboundary={true}
  style={
    {
      "height": "100%",
      "maxInlineSize": "100%",
      "padding": 0,
    }
  }
>
  <div
    data-br-center=""
    style={
      {
        "--maxWidth": "60ch",
      }
    }
  >
    <p>
      Lorem ipsum dolor sit amet, consectetur adipiscing elit. Nullam in vestibulum tortor, vitae venenatis lectus. Praesent gravida dapibus neque sit amet molestie. Morbi blandit eu dolor a luctus. Vestibulum sollicitudin elit ac nunc scelerisque rhoncus. Nulla felis sapien, condimentum ut imperdiet vel, aliquet id ante. Pellentesque habitant morbi tristique senectus et netus et malesuada fames ac turpis egestas. Quisque ultrices, quam nec scelerisque malesuada, lectus elit semper diam, ac placerat purus tortor et enim.
    </p>
    <p>
      Lorem ipsum dolor sit amet, consectetur adipiscing elit. Nullam in vestibulum tortor, vitae venenatis lectus. Praesent gravida dapibus neque sit amet molestie. Morbi blandit eu dolor a luctus. Vestibulum sollicitudin elit ac nunc scelerisque rhoncus. Nulla felis sapien, condimentum ut imperdiet vel, aliquet id ante. Pellentesque habitant morbi tristique senectus et netus et malesuada fames ac turpis egestas. Quisque ultrices, quam nec scelerisque malesuada, lectus elit semper diam, ac placerat purus tortor et enim.
    </p>
    <p>
      Lorem ipsum dolor sit amet, consectetur adipiscing elit. Nullam in vestibulum tortor, vitae venenatis lectus. Praesent gravida dapibus neque sit amet molestie. Morbi blandit eu dolor a luctus. Vestibulum sollicitudin elit ac nunc scelerisque rhoncus. Nulla felis sapien, condimentum ut imperdiet vel, aliquet id ante. Pellentesque habitant morbi tristique senectus et netus et malesuada fames ac turpis egestas. Quisque ultrices, quam nec scelerisque malesuada, lectus elit semper diam, ac placerat purus tortor et enim.
    </p>
    <p>
      Lorem ipsum dolor sit amet, consectetur adipiscing elit. Nullam in vestibulum tortor, vitae venenatis lectus. Praesent gravida dapibus neque sit amet molestie. Morbi blandit eu dolor a luctus. Vestibulum sollicitudin elit ac nunc scelerisque rhoncus. Nulla felis sapien, condimentum ut imperdiet vel, aliquet id ante. Pellentesque habitant morbi tristique senectus et netus et malesuada fames ac turpis egestas. Quisque ultrices, quam nec scelerisque malesuada, lectus elit semper diam, ac placerat purus tortor et enim.
    </p>
  </div>
</div>
`;

exports[`AppBoundary > correct usage > renders boundarySize 3`] = `
<div
  data-bedrock-appboundary={true}
  style={
    {
      "height": "100%",
      "maxInlineSize": "100%",
      "padding": 0,
    }
  }
>
  <div
    data-br-center=""
    style={
      {
        "--maxWidth": "240px",
      }
    }
  >
    <p>
      Lorem ipsum dolor sit amet, consectetur adipiscing elit. Nullam in vestibulum tortor, vitae venenatis lectus. Praesent gravida dapibus neque sit amet molestie. Morbi blandit eu dolor a luctus. Vestibulum sollicitudin elit ac nunc scelerisque rhoncus. Nulla felis sapien, condimentum ut imperdiet vel, aliquet id ante. Pellentesque habitant morbi tristique senectus et netus et malesuada fames ac turpis egestas. Quisque ultrices, quam nec scelerisque malesuada, lectus elit semper diam, ac placerat purus tortor et enim.
    </p>
    <p>
      Lorem ipsum dolor sit amet, consectetur adipiscing elit. Nullam in vestibulum tortor, vitae venenatis lectus. Praesent gravida dapibus neque sit amet molestie. Morbi blandit eu dolor a luctus. Vestibulum sollicitudin elit ac nunc scelerisque rhoncus. Nulla felis sapien, condimentum ut imperdiet vel, aliquet id ante. Pellentesque habitant morbi tristique senectus et netus et malesuada fames ac turpis egestas. Quisque ultrices, quam nec scelerisque malesuada, lectus elit semper diam, ac placerat purus tortor et enim.
    </p>
    <p>
      Lorem ipsum dolor sit amet, consectetur adipiscing elit. Nullam in vestibulum tortor, vitae venenatis lectus. Praesent gravida dapibus neque sit amet molestie. Morbi blandit eu dolor a luctus. Vestibulum sollicitudin elit ac nunc scelerisque rhoncus. Nulla felis sapien, condimentum ut imperdiet vel, aliquet id ante. Pellentesque habitant morbi tristique senectus et netus et malesuada fames ac turpis egestas. Quisque ultrices, quam nec scelerisque malesuada, lectus elit semper diam, ac placerat purus tortor et enim.
    </p>
    <p>
      Lorem ipsum dolor sit amet, consectetur adipiscing elit. Nullam in vestibulum tortor, vitae venenatis lectus. Praesent gravida dapibus neque sit amet molestie. Morbi blandit eu dolor a luctus. Vestibulum sollicitudin elit ac nunc scelerisque rhoncus. Nulla felis sapien, condimentum ut imperdiet vel, aliquet id ante. Pellentesque habitant morbi tristique senectus et netus et malesuada fames ac turpis egestas. Quisque ultrices, quam nec scelerisque malesuada, lectus elit semper diam, ac placerat purus tortor et enim.
    </p>
  </div>
</div>
`;

exports[`AppBoundary > correct usage > renders boundarySize 4`] = `
<div
  data-bedrock-appboundary={true}
  style={
    {
      "height": "100%",
      "maxInlineSize": "100%",
      "padding": 0,
    }
  }
>
  <div
    data-br-center=""
    style={
      {
        "--maxWidth": "360px",
      }
    }
  >
    <p>
      Lorem ipsum dolor sit amet, consectetur adipiscing elit. Nullam in vestibulum tortor, vitae venenatis lectus. Praesent gravida dapibus neque sit amet molestie. Morbi blandit eu dolor a luctus. Vestibulum sollicitudin elit ac nunc scelerisque rhoncus. Nulla felis sapien, condimentum ut imperdiet vel, aliquet id ante. Pellentesque habitant morbi tristique senectus et netus et malesuada fames ac turpis egestas. Quisque ultrices, quam nec scelerisque malesuada, lectus elit semper diam, ac placerat purus tortor et enim.
    </p>
    <p>
      Lorem ipsum dolor sit amet, consectetur adipiscing elit. Nullam in vestibulum tortor, vitae venenatis lectus. Praesent gravida dapibus neque sit amet molestie. Morbi blandit eu dolor a luctus. Vestibulum sollicitudin elit ac nunc scelerisque rhoncus. Nulla felis sapien, condimentum ut imperdiet vel, aliquet id ante. Pellentesque habitant morbi tristique senectus et netus et malesuada fames ac turpis egestas. Quisque ultrices, quam nec scelerisque malesuada, lectus elit semper diam, ac placerat purus tortor et enim.
    </p>
    <p>
      Lorem ipsum dolor sit amet, consectetur adipiscing elit. Nullam in vestibulum tortor, vitae venenatis lectus. Praesent gravida dapibus neque sit amet molestie. Morbi blandit eu dolor a luctus. Vestibulum sollicitudin elit ac nunc scelerisque rhoncus. Nulla felis sapien, condimentum ut imperdiet vel, aliquet id ante. Pellentesque habitant morbi tristique senectus et netus et malesuada fames ac turpis egestas. Quisque ultrices, quam nec scelerisque malesuada, lectus elit semper diam, ac placerat purus tortor et enim.
    </p>
    <p>
      Lorem ipsum dolor sit amet, consectetur adipiscing elit. Nullam in vestibulum tortor, vitae venenatis lectus. Praesent gravida dapibus neque sit amet molestie. Morbi blandit eu dolor a luctus. Vestibulum sollicitudin elit ac nunc scelerisque rhoncus. Nulla felis sapien, condimentum ut imperdiet vel, aliquet id ante. Pellentesque habitant morbi tristique senectus et netus et malesuada fames ac turpis egestas. Quisque ultrices, quam nec scelerisque malesuada, lectus elit semper diam, ac placerat purus tortor et enim.
    </p>
  </div>
</div>
`;

exports[`AppBoundary > correct usage > renders boundarySize 5`] = `
<div
  data-bedrock-appboundary={true}
  style={
    {
      "height": "100%",
      "maxInlineSize": "100%",
      "padding": 0,
    }
  }
>
  <div
    data-br-center=""
    style={
      {
        "--maxWidth": "480px",
      }
    }
  >
    <p>
      Lorem ipsum dolor sit amet, consectetur adipiscing elit. Nullam in vestibulum tortor, vitae venenatis lectus. Praesent gravida dapibus neque sit amet molestie. Morbi blandit eu dolor a luctus. Vestibulum sollicitudin elit ac nunc scelerisque rhoncus. Nulla felis sapien, condimentum ut imperdiet vel, aliquet id ante. Pellentesque habitant morbi tristique senectus et netus et malesuada fames ac turpis egestas. Quisque ultrices, quam nec scelerisque malesuada, lectus elit semper diam, ac placerat purus tortor et enim.
    </p>
    <p>
      Lorem ipsum dolor sit amet, consectetur adipiscing elit. Nullam in vestibulum tortor, vitae venenatis lectus. Praesent gravida dapibus neque sit amet molestie. Morbi blandit eu dolor a luctus. Vestibulum sollicitudin elit ac nunc scelerisque rhoncus. Nulla felis sapien, condimentum ut imperdiet vel, aliquet id ante. Pellentesque habitant morbi tristique senectus et netus et malesuada fames ac turpis egestas. Quisque ultrices, quam nec scelerisque malesuada, lectus elit semper diam, ac placerat purus tortor et enim.
    </p>
    <p>
      Lorem ipsum dolor sit amet, consectetur adipiscing elit. Nullam in vestibulum tortor, vitae venenatis lectus. Praesent gravida dapibus neque sit amet molestie. Morbi blandit eu dolor a luctus. Vestibulum sollicitudin elit ac nunc scelerisque rhoncus. Nulla felis sapien, condimentum ut imperdiet vel, aliquet id ante. Pellentesque habitant morbi tristique senectus et netus et malesuada fames ac turpis egestas. Quisque ultrices, quam nec scelerisque malesuada, lectus elit semper diam, ac placerat purus tortor et enim.
    </p>
    <p>
      Lorem ipsum dolor sit amet, consectetur adipiscing elit. Nullam in vestibulum tortor, vitae venenatis lectus. Praesent gravida dapibus neque sit amet molestie. Morbi blandit eu dolor a luctus. Vestibulum sollicitudin elit ac nunc scelerisque rhoncus. Nulla felis sapien, condimentum ut imperdiet vel, aliquet id ante. Pellentesque habitant morbi tristique senectus et netus et malesuada fames ac turpis egestas. Quisque ultrices, quam nec scelerisque malesuada, lectus elit semper diam, ac placerat purus tortor et enim.
    </p>
  </div>
</div>
`;

exports[`AppBoundary > correct usage > renders boundarySize 6`] = `
<div
  data-bedrock-appboundary={true}
  style={
    {
      "height": "100%",
      "maxInlineSize": "100%",
      "padding": 0,
    }
  }
>
  <div
    data-br-center=""
    style={
      {
        "--maxWidth": "768px",
      }
    }
  >
    <p>
      Lorem ipsum dolor sit amet, consectetur adipiscing elit. Nullam in vestibulum tortor, vitae venenatis lectus. Praesent gravida dapibus neque sit amet molestie. Morbi blandit eu dolor a luctus. Vestibulum sollicitudin elit ac nunc scelerisque rhoncus. Nulla felis sapien, condimentum ut imperdiet vel, aliquet id ante. Pellentesque habitant morbi tristique senectus et netus et malesuada fames ac turpis egestas. Quisque ultrices, quam nec scelerisque malesuada, lectus elit semper diam, ac placerat purus tortor et enim.
    </p>
    <p>
      Lorem ipsum dolor sit amet, consectetur adipiscing elit. Nullam in vestibulum tortor, vitae venenatis lectus. Praesent gravida dapibus neque sit amet molestie. Morbi blandit eu dolor a luctus. Vestibulum sollicitudin elit ac nunc scelerisque rhoncus. Nulla felis sapien, condimentum ut imperdiet vel, aliquet id ante. Pellentesque habitant morbi tristique senectus et netus et malesuada fames ac turpis egestas. Quisque ultrices, quam nec scelerisque malesuada, lectus elit semper diam, ac placerat purus tortor et enim.
    </p>
    <p>
      Lorem ipsum dolor sit amet, consectetur adipiscing elit. Nullam in vestibulum tortor, vitae venenatis lectus. Praesent gravida dapibus neque sit amet molestie. Morbi blandit eu dolor a luctus. Vestibulum sollicitudin elit ac nunc scelerisque rhoncus. Nulla felis sapien, condimentum ut imperdiet vel, aliquet id ante. Pellentesque habitant morbi tristique senectus et netus et malesuada fames ac turpis egestas. Quisque ultrices, quam nec scelerisque malesuada, lectus elit semper diam, ac placerat purus tortor et enim.
    </p>
    <p>
      Lorem ipsum dolor sit amet, consectetur adipiscing elit. Nullam in vestibulum tortor, vitae venenatis lectus. Praesent gravida dapibus neque sit amet molestie. Morbi blandit eu dolor a luctus. Vestibulum sollicitudin elit ac nunc scelerisque rhoncus. Nulla felis sapien, condimentum ut imperdiet vel, aliquet id ante. Pellentesque habitant morbi tristique senectus et netus et malesuada fames ac turpis egestas. Quisque ultrices, quam nec scelerisque malesuada, lectus elit semper diam, ac placerat purus tortor et enim.
    </p>
  </div>
</div>
`;

exports[`AppBoundary > correct usage > renders boundarySize 7`] = `
<div
  data-bedrock-appboundary={true}
  style={
    {
      "height": "100%",
      "maxInlineSize": "100%",
      "padding": 0,
    }
  }
>
  <div
    data-br-center=""
    style={
      {
        "--maxWidth": "1024px",
      }
    }
  >
    <p>
      Lorem ipsum dolor sit amet, consectetur adipiscing elit. Nullam in vestibulum tortor, vitae venenatis lectus. Praesent gravida dapibus neque sit amet molestie. Morbi blandit eu dolor a luctus. Vestibulum sollicitudin elit ac nunc scelerisque rhoncus. Nulla felis sapien, condimentum ut imperdiet vel, aliquet id ante. Pellentesque habitant morbi tristique senectus et netus et malesuada fames ac turpis egestas. Quisque ultrices, quam nec scelerisque malesuada, lectus elit semper diam, ac placerat purus tortor et enim.
    </p>
    <p>
      Lorem ipsum dolor sit amet, consectetur adipiscing elit. Nullam in vestibulum tortor, vitae venenatis lectus. Praesent gravida dapibus neque sit amet molestie. Morbi blandit eu dolor a luctus. Vestibulum sollicitudin elit ac nunc scelerisque rhoncus. Nulla felis sapien, condimentum ut imperdiet vel, aliquet id ante. Pellentesque habitant morbi tristique senectus et netus et malesuada fames ac turpis egestas. Quisque ultrices, quam nec scelerisque malesuada, lectus elit semper diam, ac placerat purus tortor et enim.
    </p>
    <p>
      Lorem ipsum dolor sit amet, consectetur adipiscing elit. Nullam in vestibulum tortor, vitae venenatis lectus. Praesent gravida dapibus neque sit amet molestie. Morbi blandit eu dolor a luctus. Vestibulum sollicitudin elit ac nunc scelerisque rhoncus. Nulla felis sapien, condimentum ut imperdiet vel, aliquet id ante. Pellentesque habitant morbi tristique senectus et netus et malesuada fames ac turpis egestas. Quisque ultrices, quam nec scelerisque malesuada, lectus elit semper diam, ac placerat purus tortor et enim.
    </p>
    <p>
      Lorem ipsum dolor sit amet, consectetur adipiscing elit. Nullam in vestibulum tortor, vitae venenatis lectus. Praesent gravida dapibus neque sit amet molestie. Morbi blandit eu dolor a luctus. Vestibulum sollicitudin elit ac nunc scelerisque rhoncus. Nulla felis sapien, condimentum ut imperdiet vel, aliquet id ante. Pellentesque habitant morbi tristique senectus et netus et malesuada fames ac turpis egestas. Quisque ultrices, quam nec scelerisque malesuada, lectus elit semper diam, ac placerat purus tortor et enim.
    </p>
  </div>
</div>
`;

exports[`AppBoundary > correct usage > renders boundarySize 8`] = `
<div
  data-bedrock-appboundary={true}
  style={
    {
      "height": "100%",
      "maxInlineSize": "100%",
      "padding": 0,
    }
  }
>
  <div
    data-br-center=""
    style={
      {
        "--maxWidth": "1440px",
      }
    }
  >
    <p>
      Lorem ipsum dolor sit amet, consectetur adipiscing elit. Nullam in vestibulum tortor, vitae venenatis lectus. Praesent gravida dapibus neque sit amet molestie. Morbi blandit eu dolor a luctus. Vestibulum sollicitudin elit ac nunc scelerisque rhoncus. Nulla felis sapien, condimentum ut imperdiet vel, aliquet id ante. Pellentesque habitant morbi tristique senectus et netus et malesuada fames ac turpis egestas. Quisque ultrices, quam nec scelerisque malesuada, lectus elit semper diam, ac placerat purus tortor et enim.
    </p>
    <p>
      Lorem ipsum dolor sit amet, consectetur adipiscing elit. Nullam in vestibulum tortor, vitae venenatis lectus. Praesent gravida dapibus neque sit amet molestie. Morbi blandit eu dolor a luctus. Vestibulum sollicitudin elit ac nunc scelerisque rhoncus. Nulla felis sapien, condimentum ut imperdiet vel, aliquet id ante. Pellentesque habitant morbi tristique senectus et netus et malesuada fames ac turpis egestas. Quisque ultrices, quam nec scelerisque malesuada, lectus elit semper diam, ac placerat purus tortor et enim.
    </p>
    <p>
      Lorem ipsum dolor sit amet, consectetur adipiscing elit. Nullam in vestibulum tortor, vitae venenatis lectus. Praesent gravida dapibus neque sit amet molestie. Morbi blandit eu dolor a luctus. Vestibulum sollicitudin elit ac nunc scelerisque rhoncus. Nulla felis sapien, condimentum ut imperdiet vel, aliquet id ante. Pellentesque habitant morbi tristique senectus et netus et malesuada fames ac turpis egestas. Quisque ultrices, quam nec scelerisque malesuada, lectus elit semper diam, ac placerat purus tortor et enim.
    </p>
    <p>
      Lorem ipsum dolor sit amet, consectetur adipiscing elit. Nullam in vestibulum tortor, vitae venenatis lectus. Praesent gravida dapibus neque sit amet molestie. Morbi blandit eu dolor a luctus. Vestibulum sollicitudin elit ac nunc scelerisque rhoncus. Nulla felis sapien, condimentum ut imperdiet vel, aliquet id ante. Pellentesque habitant morbi tristique senectus et netus et malesuada fames ac turpis egestas. Quisque ultrices, quam nec scelerisque malesuada, lectus elit semper diam, ac placerat purus tortor et enim.
    </p>
  </div>
</div>
`;

exports[`AppBoundary > correct usage > renders boundarySize 9`] = `
<div
  data-bedrock-appboundary={true}
  style={
    {
      "height": "100%",
      "maxInlineSize": "100%",
      "padding": 0,
    }
  }
>
  <div
    data-br-center=""
    style={
      {
        "--maxWidth": "1920px",
      }
    }
  >
    <p>
      Lorem ipsum dolor sit amet, consectetur adipiscing elit. Nullam in vestibulum tortor, vitae venenatis lectus. Praesent gravida dapibus neque sit amet molestie. Morbi blandit eu dolor a luctus. Vestibulum sollicitudin elit ac nunc scelerisque rhoncus. Nulla felis sapien, condimentum ut imperdiet vel, aliquet id ante. Pellentesque habitant morbi tristique senectus et netus et malesuada fames ac turpis egestas. Quisque ultrices, quam nec scelerisque malesuada, lectus elit semper diam, ac placerat purus tortor et enim.
    </p>
    <p>
      Lorem ipsum dolor sit amet, consectetur adipiscing elit. Nullam in vestibulum tortor, vitae venenatis lectus. Praesent gravida dapibus neque sit amet molestie. Morbi blandit eu dolor a luctus. Vestibulum sollicitudin elit ac nunc scelerisque rhoncus. Nulla felis sapien, condimentum ut imperdiet vel, aliquet id ante. Pellentesque habitant morbi tristique senectus et netus et malesuada fames ac turpis egestas. Quisque ultrices, quam nec scelerisque malesuada, lectus elit semper diam, ac placerat purus tortor et enim.
    </p>
    <p>
      Lorem ipsum dolor sit amet, consectetur adipiscing elit. Nullam in vestibulum tortor, vitae venenatis lectus. Praesent gravida dapibus neque sit amet molestie. Morbi blandit eu dolor a luctus. Vestibulum sollicitudin elit ac nunc scelerisque rhoncus. Nulla felis sapien, condimentum ut imperdiet vel, aliquet id ante. Pellentesque habitant morbi tristique senectus et netus et malesuada fames ac turpis egestas. Quisque ultrices, quam nec scelerisque malesuada, lectus elit semper diam, ac placerat purus tortor et enim.
    </p>
    <p>
      Lorem ipsum dolor sit amet, consectetur adipiscing elit. Nullam in vestibulum tortor, vitae venenatis lectus. Praesent gravida dapibus neque sit amet molestie. Morbi blandit eu dolor a luctus. Vestibulum sollicitudin elit ac nunc scelerisque rhoncus. Nulla felis sapien, condimentum ut imperdiet vel, aliquet id ante. Pellentesque habitant morbi tristique senectus et netus et malesuada fames ac turpis egestas. Quisque ultrices, quam nec scelerisque malesuada, lectus elit semper diam, ac placerat purus tortor et enim.
    </p>
  </div>
</div>
`;

exports[`AppBoundary > correct usage > renders default gutters 1`] = `
<div
  data-bedrock-appboundary={true}
  style={
    {
      "height": "100%",
      "maxInlineSize": "100%",
      "padding": 0,
    }
  }
>
  <div
    data-br-center=""
    style={
      {
        "--maxWidth": "1920px",
      }
    }
  >
    <p>
      Lorem ipsum dolor sit amet, consectetur adipiscing elit. Nullam in vestibulum tortor, vitae venenatis lectus. Praesent gravida dapibus neque sit amet molestie. Morbi blandit eu dolor a luctus. Vestibulum sollicitudin elit ac nunc scelerisque rhoncus. Nulla felis sapien, condimentum ut imperdiet vel, aliquet id ante. Pellentesque habitant morbi tristique senectus et netus et malesuada fames ac turpis egestas. Quisque ultrices, quam nec scelerisque malesuada, lectus elit semper diam, ac placerat purus tortor et enim.
    </p>
    <p>
      Lorem ipsum dolor sit amet, consectetur adipiscing elit. Nullam in vestibulum tortor, vitae venenatis lectus. Praesent gravida dapibus neque sit amet molestie. Morbi blandit eu dolor a luctus. Vestibulum sollicitudin elit ac nunc scelerisque rhoncus. Nulla felis sapien, condimentum ut imperdiet vel, aliquet id ante. Pellentesque habitant morbi tristique senectus et netus et malesuada fames ac turpis egestas. Quisque ultrices, quam nec scelerisque malesuada, lectus elit semper diam, ac placerat purus tortor et enim.
    </p>
    <p>
      Lorem ipsum dolor sit amet, consectetur adipiscing elit. Nullam in vestibulum tortor, vitae venenatis lectus. Praesent gravida dapibus neque sit amet molestie. Morbi blandit eu dolor a luctus. Vestibulum sollicitudin elit ac nunc scelerisque rhoncus. Nulla felis sapien, condimentum ut imperdiet vel, aliquet id ante. Pellentesque habitant morbi tristique senectus et netus et malesuada fames ac turpis egestas. Quisque ultrices, quam nec scelerisque malesuada, lectus elit semper diam, ac placerat purus tortor et enim.
    </p>
    <p>
      Lorem ipsum dolor sit amet, consectetur adipiscing elit. Nullam in vestibulum tortor, vitae venenatis lectus. Praesent gravida dapibus neque sit amet molestie. Morbi blandit eu dolor a luctus. Vestibulum sollicitudin elit ac nunc scelerisque rhoncus. Nulla felis sapien, condimentum ut imperdiet vel, aliquet id ante. Pellentesque habitant morbi tristique senectus et netus et malesuada fames ac turpis egestas. Quisque ultrices, quam nec scelerisque malesuada, lectus elit semper diam, ac placerat purus tortor et enim.
    </p>
  </div>
</div>
`;

exports[`AppBoundary > correct usage > renders with theme overrides 1`] = `
<div
  data-bedrock-appboundary={true}
  style={
    {
      "height": "100%",
      "maxInlineSize": "100%",
      "padding": 0,
    }
  }
>
  <div
    data-br-center=""
    style={
      {
        "--maxWidth": "2400px",
      }
    }
  >
    <p>
      Lorem ipsum dolor sit amet, consectetur adipiscing elit. Nullam in vestibulum tortor, vitae venenatis lectus. Praesent gravida dapibus neque sit amet molestie. Morbi blandit eu dolor a luctus. Vestibulum sollicitudin elit ac nunc scelerisque rhoncus. Nulla felis sapien, condimentum ut imperdiet vel, aliquet id ante. Pellentesque habitant morbi tristique senectus et netus et malesuada fames ac turpis egestas. Quisque ultrices, quam nec scelerisque malesuada, lectus elit semper diam, ac placerat purus tortor et enim.
    </p>
    <p>
      Lorem ipsum dolor sit amet, consectetur adipiscing elit. Nullam in vestibulum tortor, vitae venenatis lectus. Praesent gravida dapibus neque sit amet molestie. Morbi blandit eu dolor a luctus. Vestibulum sollicitudin elit ac nunc scelerisque rhoncus. Nulla felis sapien, condimentum ut imperdiet vel, aliquet id ante. Pellentesque habitant morbi tristique senectus et netus et malesuada fames ac turpis egestas. Quisque ultrices, quam nec scelerisque malesuada, lectus elit semper diam, ac placerat purus tortor et enim.
    </p>
    <p>
      Lorem ipsum dolor sit amet, consectetur adipiscing elit. Nullam in vestibulum tortor, vitae venenatis lectus. Praesent gravida dapibus neque sit amet molestie. Morbi blandit eu dolor a luctus. Vestibulum sollicitudin elit ac nunc scelerisque rhoncus. Nulla felis sapien, condimentum ut imperdiet vel, aliquet id ante. Pellentesque habitant morbi tristique senectus et netus et malesuada fames ac turpis egestas. Quisque ultrices, quam nec scelerisque malesuada, lectus elit semper diam, ac placerat purus tortor et enim.
    </p>
    <p>
      Lorem ipsum dolor sit amet, consectetur adipiscing elit. Nullam in vestibulum tortor, vitae venenatis lectus. Praesent gravida dapibus neque sit amet molestie. Morbi blandit eu dolor a luctus. Vestibulum sollicitudin elit ac nunc scelerisque rhoncus. Nulla felis sapien, condimentum ut imperdiet vel, aliquet id ante. Pellentesque habitant morbi tristique senectus et netus et malesuada fames ac turpis egestas. Quisque ultrices, quam nec scelerisque malesuada, lectus elit semper diam, ac placerat purus tortor et enim.
    </p>
  </div>
</div>
`;
