// Vitest Snapshot v1, https://vitest.dev/guide/snapshot.html

exports[`Cover > correct usage > renders all the gutter options 1`] = `
<div
  data-br-cover=""
  style={
    {
      "--gutter": "-.5rem",
      "--minHeight": undefined,
    }
  }
>
  <div
    data-br-cover-centered=""
  >
    <p>
      Lorem ipsum dolor sit amet, consectetur adipiscing elit. Nullam in vestibulum tortor, vitae venenatis lectus. Praesent gravida dapibus neque sit amet molestie. Morbi blandit eu dolor a luctus. Vestibulum sollicitudin elit ac nunc scelerisque rhoncus. Nulla felis sapien, condimentum ut imperdiet vel, aliquet id ante. Pellentesque habitant morbi tristique senectus et netus et malesuada fames ac turpis egestas. Quisque ultrices, quam nec scelerisque malesuada, lectus elit semper diam, ac placerat purus tortor et enim.
    </p>
  </div>
</div>
`;

exports[`Cover > correct usage > renders all the gutter options 2`] = `
<div
  data-br-cover=""
  style={
    {
      "--gutter": "-.25rem",
      "--minHeight": undefined,
    }
  }
>
  <div
    data-br-cover-centered=""
  >
    <p>
      Lorem ipsum dolor sit amet, consectetur adipiscing elit. Nullam in vestibulum tortor, vitae venenatis lectus. Praesent gravida dapibus neque sit amet molestie. Morbi blandit eu dolor a luctus. Vestibulum sollicitudin elit ac nunc scelerisque rhoncus. Nulla felis sapien, condimentum ut imperdiet vel, aliquet id ante. Pellentesque habitant morbi tristique senectus et netus et malesuada fames ac turpis egestas. Quisque ultrices, quam nec scelerisque malesuada, lectus elit semper diam, ac placerat purus tortor et enim.
    </p>
  </div>
</div>
`;

exports[`Cover > correct usage > renders all the gutter options 3`] = `
<div
  data-br-cover=""
  style={
    {
      "--gutter": ".25rem",
      "--minHeight": undefined,
    }
  }
>
  <div
    data-br-cover-centered=""
  >
    <p>
      Lorem ipsum dolor sit amet, consectetur adipiscing elit. Nullam in vestibulum tortor, vitae venenatis lectus. Praesent gravida dapibus neque sit amet molestie. Morbi blandit eu dolor a luctus. Vestibulum sollicitudin elit ac nunc scelerisque rhoncus. Nulla felis sapien, condimentum ut imperdiet vel, aliquet id ante. Pellentesque habitant morbi tristique senectus et netus et malesuada fames ac turpis egestas. Quisque ultrices, quam nec scelerisque malesuada, lectus elit semper diam, ac placerat purus tortor et enim.
    </p>
  </div>
</div>
`;

exports[`Cover > correct usage > renders all the gutter options 4`] = `
<div
  data-br-cover=""
  style={
    {
      "--gutter": ".5rem",
      "--minHeight": undefined,
    }
  }
>
  <div
    data-br-cover-centered=""
  >
    <p>
      Lorem ipsum dolor sit amet, consectetur adipiscing elit. Nullam in vestibulum tortor, vitae venenatis lectus. Praesent gravida dapibus neque sit amet molestie. Morbi blandit eu dolor a luctus. Vestibulum sollicitudin elit ac nunc scelerisque rhoncus. Nulla felis sapien, condimentum ut imperdiet vel, aliquet id ante. Pellentesque habitant morbi tristique senectus et netus et malesuada fames ac turpis egestas. Quisque ultrices, quam nec scelerisque malesuada, lectus elit semper diam, ac placerat purus tortor et enim.
    </p>
  </div>
</div>
`;

exports[`Cover > correct usage > renders all the gutter options 5`] = `
<div
  data-br-cover=""
  style={
    {
      "--gutter": "1rem",
      "--minHeight": undefined,
    }
  }
>
  <div
    data-br-cover-centered=""
  >
    <p>
      Lorem ipsum dolor sit amet, consectetur adipiscing elit. Nullam in vestibulum tortor, vitae venenatis lectus. Praesent gravida dapibus neque sit amet molestie. Morbi blandit eu dolor a luctus. Vestibulum sollicitudin elit ac nunc scelerisque rhoncus. Nulla felis sapien, condimentum ut imperdiet vel, aliquet id ante. Pellentesque habitant morbi tristique senectus et netus et malesuada fames ac turpis egestas. Quisque ultrices, quam nec scelerisque malesuada, lectus elit semper diam, ac placerat purus tortor et enim.
    </p>
  </div>
</div>
`;

exports[`Cover > correct usage > renders all the gutter options 6`] = `
<div
  data-br-cover=""
  style={
    {
      "--gutter": "1.25rem",
      "--minHeight": undefined,
    }
  }
>
  <div
    data-br-cover-centered=""
  >
    <p>
      Lorem ipsum dolor sit amet, consectetur adipiscing elit. Nullam in vestibulum tortor, vitae venenatis lectus. Praesent gravida dapibus neque sit amet molestie. Morbi blandit eu dolor a luctus. Vestibulum sollicitudin elit ac nunc scelerisque rhoncus. Nulla felis sapien, condimentum ut imperdiet vel, aliquet id ante. Pellentesque habitant morbi tristique senectus et netus et malesuada fames ac turpis egestas. Quisque ultrices, quam nec scelerisque malesuada, lectus elit semper diam, ac placerat purus tortor et enim.
    </p>
  </div>
</div>
`;

exports[`Cover > correct usage > renders all the gutter options 7`] = `
<div
  data-br-cover=""
  style={
    {
      "--gutter": "1.5rem",
      "--minHeight": undefined,
    }
  }
>
  <div
    data-br-cover-centered=""
  >
    <p>
      Lorem ipsum dolor sit amet, consectetur adipiscing elit. Nullam in vestibulum tortor, vitae venenatis lectus. Praesent gravida dapibus neque sit amet molestie. Morbi blandit eu dolor a luctus. Vestibulum sollicitudin elit ac nunc scelerisque rhoncus. Nulla felis sapien, condimentum ut imperdiet vel, aliquet id ante. Pellentesque habitant morbi tristique senectus et netus et malesuada fames ac turpis egestas. Quisque ultrices, quam nec scelerisque malesuada, lectus elit semper diam, ac placerat purus tortor et enim.
    </p>
  </div>
</div>
`;

exports[`Cover > correct usage > renders all the gutter options 8`] = `
<div
  data-br-cover=""
  style={
    {
      "--gutter": "1.75rem",
      "--minHeight": undefined,
    }
  }
>
  <div
    data-br-cover-centered=""
  >
    <p>
      Lorem ipsum dolor sit amet, consectetur adipiscing elit. Nullam in vestibulum tortor, vitae venenatis lectus. Praesent gravida dapibus neque sit amet molestie. Morbi blandit eu dolor a luctus. Vestibulum sollicitudin elit ac nunc scelerisque rhoncus. Nulla felis sapien, condimentum ut imperdiet vel, aliquet id ante. Pellentesque habitant morbi tristique senectus et netus et malesuada fames ac turpis egestas. Quisque ultrices, quam nec scelerisque malesuada, lectus elit semper diam, ac placerat purus tortor et enim.
    </p>
  </div>
</div>
`;

exports[`Cover > correct usage > renders all the gutter options 9`] = `
<div
  data-br-cover=""
  style={
    {
      "--gutter": "2rem",
      "--minHeight": undefined,
    }
  }
>
  <div
    data-br-cover-centered=""
  >
    <p>
      Lorem ipsum dolor sit amet, consectetur adipiscing elit. Nullam in vestibulum tortor, vitae venenatis lectus. Praesent gravida dapibus neque sit amet molestie. Morbi blandit eu dolor a luctus. Vestibulum sollicitudin elit ac nunc scelerisque rhoncus. Nulla felis sapien, condimentum ut imperdiet vel, aliquet id ante. Pellentesque habitant morbi tristique senectus et netus et malesuada fames ac turpis egestas. Quisque ultrices, quam nec scelerisque malesuada, lectus elit semper diam, ac placerat purus tortor et enim.
    </p>
  </div>
</div>
`;

exports[`Cover > correct usage > renders all the gutter options 10`] = `
<div
  data-br-cover=""
  style={
    {
      "--gutter": "3rem",
      "--minHeight": undefined,
    }
  }
>
  <div
    data-br-cover-centered=""
  >
    <p>
      Lorem ipsum dolor sit amet, consectetur adipiscing elit. Nullam in vestibulum tortor, vitae venenatis lectus. Praesent gravida dapibus neque sit amet molestie. Morbi blandit eu dolor a luctus. Vestibulum sollicitudin elit ac nunc scelerisque rhoncus. Nulla felis sapien, condimentum ut imperdiet vel, aliquet id ante. Pellentesque habitant morbi tristique senectus et netus et malesuada fames ac turpis egestas. Quisque ultrices, quam nec scelerisque malesuada, lectus elit semper diam, ac placerat purus tortor et enim.
    </p>
  </div>
</div>
`;

exports[`Cover > correct usage > renders all the gutter options 11`] = `
<div
  data-br-cover=""
  style={
    {
      "--gutter": "4rem",
      "--minHeight": undefined,
    }
  }
>
  <div
    data-br-cover-centered=""
  >
    <p>
      Lorem ipsum dolor sit amet, consectetur adipiscing elit. Nullam in vestibulum tortor, vitae venenatis lectus. Praesent gravida dapibus neque sit amet molestie. Morbi blandit eu dolor a luctus. Vestibulum sollicitudin elit ac nunc scelerisque rhoncus. Nulla felis sapien, condimentum ut imperdiet vel, aliquet id ante. Pellentesque habitant morbi tristique senectus et netus et malesuada fames ac turpis egestas. Quisque ultrices, quam nec scelerisque malesuada, lectus elit semper diam, ac placerat purus tortor et enim.
    </p>
  </div>
</div>
`;

exports[`Cover > correct usage > renders all the gutter options 12`] = `
<div
  data-br-cover=""
  style={
    {
      "--gutter": "5rem",
      "--minHeight": undefined,
    }
  }
>
  <div
    data-br-cover-centered=""
  >
    <p>
      Lorem ipsum dolor sit amet, consectetur adipiscing elit. Nullam in vestibulum tortor, vitae venenatis lectus. Praesent gravida dapibus neque sit amet molestie. Morbi blandit eu dolor a luctus. Vestibulum sollicitudin elit ac nunc scelerisque rhoncus. Nulla felis sapien, condimentum ut imperdiet vel, aliquet id ante. Pellentesque habitant morbi tristique senectus et netus et malesuada fames ac turpis egestas. Quisque ultrices, quam nec scelerisque malesuada, lectus elit semper diam, ac placerat purus tortor et enim.
    </p>
  </div>
</div>
`;

exports[`Cover > correct usage > renders all the gutter options 13`] = `
<div
  data-br-cover=""
  style={
    {
      "--gutter": "7.5rem",
      "--minHeight": undefined,
    }
  }
>
  <div
    data-br-cover-centered=""
  >
    <p>
      Lorem ipsum dolor sit amet, consectetur adipiscing elit. Nullam in vestibulum tortor, vitae venenatis lectus. Praesent gravida dapibus neque sit amet molestie. Morbi blandit eu dolor a luctus. Vestibulum sollicitudin elit ac nunc scelerisque rhoncus. Nulla felis sapien, condimentum ut imperdiet vel, aliquet id ante. Pellentesque habitant morbi tristique senectus et netus et malesuada fames ac turpis egestas. Quisque ultrices, quam nec scelerisque malesuada, lectus elit semper diam, ac placerat purus tortor et enim.
    </p>
  </div>
</div>
`;

exports[`Cover > correct usage > renders all the gutter options 14`] = `
<div
  data-br-cover=""
  style={
    {
      "--gutter": "10rem",
      "--minHeight": undefined,
    }
  }
>
  <div
    data-br-cover-centered=""
  >
    <p>
      Lorem ipsum dolor sit amet, consectetur adipiscing elit. Nullam in vestibulum tortor, vitae venenatis lectus. Praesent gravida dapibus neque sit amet molestie. Morbi blandit eu dolor a luctus. Vestibulum sollicitudin elit ac nunc scelerisque rhoncus. Nulla felis sapien, condimentum ut imperdiet vel, aliquet id ante. Pellentesque habitant morbi tristique senectus et netus et malesuada fames ac turpis egestas. Quisque ultrices, quam nec scelerisque malesuada, lectus elit semper diam, ac placerat purus tortor et enim.
    </p>
  </div>
</div>
`;

exports[`Cover > correct usage > renders all the gutter options 15`] = `
<div
  data-br-cover=""
  style={
    {
      "--gutter": "15rem",
      "--minHeight": undefined,
    }
  }
>
  <div
    data-br-cover-centered=""
  >
    <p>
      Lorem ipsum dolor sit amet, consectetur adipiscing elit. Nullam in vestibulum tortor, vitae venenatis lectus. Praesent gravida dapibus neque sit amet molestie. Morbi blandit eu dolor a luctus. Vestibulum sollicitudin elit ac nunc scelerisque rhoncus. Nulla felis sapien, condimentum ut imperdiet vel, aliquet id ante. Pellentesque habitant morbi tristique senectus et netus et malesuada fames ac turpis egestas. Quisque ultrices, quam nec scelerisque malesuada, lectus elit semper diam, ac placerat purus tortor et enim.
    </p>
  </div>
</div>
`;

exports[`Cover > correct usage > renders all the gutter options 16`] = `
<div
  data-br-cover=""
  style={
    {
      "--gutter": "20rem",
      "--minHeight": undefined,
    }
  }
>
  <div
    data-br-cover-centered=""
  >
    <p>
      Lorem ipsum dolor sit amet, consectetur adipiscing elit. Nullam in vestibulum tortor, vitae venenatis lectus. Praesent gravida dapibus neque sit amet molestie. Morbi blandit eu dolor a luctus. Vestibulum sollicitudin elit ac nunc scelerisque rhoncus. Nulla felis sapien, condimentum ut imperdiet vel, aliquet id ante. Pellentesque habitant morbi tristique senectus et netus et malesuada fames ac turpis egestas. Quisque ultrices, quam nec scelerisque malesuada, lectus elit semper diam, ac placerat purus tortor et enim.
    </p>
  </div>
</div>
`;

exports[`Cover > correct usage > renders all the gutter options 17`] = `
<div
  data-br-cover=""
  style={
    {
      "--gutter": "30rem",
      "--minHeight": undefined,
    }
  }
>
  <div
    data-br-cover-centered=""
  >
    <p>
      Lorem ipsum dolor sit amet, consectetur adipiscing elit. Nullam in vestibulum tortor, vitae venenatis lectus. Praesent gravida dapibus neque sit amet molestie. Morbi blandit eu dolor a luctus. Vestibulum sollicitudin elit ac nunc scelerisque rhoncus. Nulla felis sapien, condimentum ut imperdiet vel, aliquet id ante. Pellentesque habitant morbi tristique senectus et netus et malesuada fames ac turpis egestas. Quisque ultrices, quam nec scelerisque malesuada, lectus elit semper diam, ac placerat purus tortor et enim.
    </p>
  </div>
</div>
`;

exports[`Cover > correct usage > renders custom height 1`] = `
<div
  data-br-cover=""
  style={
    {
      "--gutter": "1rem",
      "--minHeight": "500px",
    }
  }
>
  <div
    data-br-cover-centered=""
  >
    <p>
      Lorem ipsum dolor sit amet, consectetur adipiscing elit. Nullam in vestibulum tortor, vitae venenatis lectus. Praesent gravida dapibus neque sit amet molestie. Morbi blandit eu dolor a luctus. Vestibulum sollicitudin elit ac nunc scelerisque rhoncus. Nulla felis sapien, condimentum ut imperdiet vel, aliquet id ante. Pellentesque habitant morbi tristique senectus et netus et malesuada fames ac turpis egestas. Quisque ultrices, quam nec scelerisque malesuada, lectus elit semper diam, ac placerat purus tortor et enim.
    </p>
  </div>
</div>
`;

exports[`Cover > correct usage > renders default 1`] = `
<div
  data-br-cover=""
  style={
    {
      "--gutter": "1rem",
      "--minHeight": undefined,
    }
  }
>
  <div
    data-br-cover-centered=""
  >
    <p>
      Lorem ipsum dolor sit amet, consectetur adipiscing elit. Nullam in vestibulum tortor, vitae venenatis lectus. Praesent gravida dapibus neque sit amet molestie. Morbi blandit eu dolor a luctus. Vestibulum sollicitudin elit ac nunc scelerisque rhoncus. Nulla felis sapien, condimentum ut imperdiet vel, aliquet id ante. Pellentesque habitant morbi tristique senectus et netus et malesuada fames ac turpis egestas. Quisque ultrices, quam nec scelerisque malesuada, lectus elit semper diam, ac placerat purus tortor et enim.
    </p>
  </div>
</div>
`;

exports[`Cover > correct usage > renders default gutter when none provided 1`] = `
<div
  data-br-cover=""
  style={
    {
      "--gutter": undefined,
      "--minHeight": undefined,
    }
  }
>
  <div
    data-br-cover-centered=""
  >
    <p>
      Lorem ipsum dolor sit amet, consectetur adipiscing elit. Nullam in vestibulum tortor, vitae venenatis lectus. Praesent gravida dapibus neque sit amet molestie. Morbi blandit eu dolor a luctus. Vestibulum sollicitudin elit ac nunc scelerisque rhoncus. Nulla felis sapien, condimentum ut imperdiet vel, aliquet id ante. Pellentesque habitant morbi tristique senectus et netus et malesuada fames ac turpis egestas. Quisque ultrices, quam nec scelerisque malesuada, lectus elit semper diam, ac placerat purus tortor et enim.
    </p>
  </div>
</div>
`;

exports[`Cover > correct usage > renders with bottom 1`] = `
<div
  data-br-cover=""
  style={
    {
      "--gutter": "1rem",
      "--minHeight": undefined,
    }
  }
>
  <div
    data-br-cover-centered=""
  >
    <p>
      Lorem ipsum dolor sit amet, consectetur adipiscing elit. Nullam in vestibulum tortor, vitae venenatis lectus. Praesent gravida dapibus neque sit amet molestie. Morbi blandit eu dolor a luctus. Vestibulum sollicitudin elit ac nunc scelerisque rhoncus. Nulla felis sapien, condimentum ut imperdiet vel, aliquet id ante. Pellentesque habitant morbi tristique senectus et netus et malesuada fames ac turpis egestas. Quisque ultrices, quam nec scelerisque malesuada, lectus elit semper diam, ac placerat purus tortor et enim.
    </p>
  </div>
  <div
    data-br-cover-bottom=""
  >
    <p>
      Lorem ipsum dolor sit amet, consectetur adipiscing elit. Nullam in vestibulum tortor, vitae venenatis lectus. Praesent gravida dapibus neque sit amet molestie. Morbi blandit eu dolor a luctus. Vestibulum sollicitudin elit ac nunc scelerisque rhoncus. Nulla felis sapien, condimentum ut imperdiet vel, aliquet id ante. Pellentesque habitant morbi tristique senectus et netus et malesuada fames ac turpis egestas. Quisque ultrices, quam nec scelerisque malesuada, lectus elit semper diam, ac placerat purus tortor et enim.
    </p>
  </div>
</div>
`;

exports[`Cover > correct usage > renders with custom gutter as number 1`] = `
<div
  data-br-cover=""
  style={
    {
      "--gutter": "20px",
      "--minHeight": undefined,
    }
  }
>
  <div
    data-br-cover-centered=""
  >
    <p>
      Lorem ipsum dolor sit amet, consectetur adipiscing elit. Nullam in vestibulum tortor, vitae venenatis lectus. Praesent gravida dapibus neque sit amet molestie. Morbi blandit eu dolor a luctus. Vestibulum sollicitudin elit ac nunc scelerisque rhoncus. Nulla felis sapien, condimentum ut imperdiet vel, aliquet id ante. Pellentesque habitant morbi tristique senectus et netus et malesuada fames ac turpis egestas. Quisque ultrices, quam nec scelerisque malesuada, lectus elit semper diam, ac placerat purus tortor et enim.
    </p>
  </div>
</div>
`;

exports[`Cover > correct usage > renders with custom gutter as string 1`] = `
<div
  data-br-cover=""
  style={
    {
      "--gutter": "3ch",
      "--minHeight": undefined,
    }
  }
>
  <div
    data-br-cover-centered=""
  >
    <p>
      Lorem ipsum dolor sit amet, consectetur adipiscing elit. Nullam in vestibulum tortor, vitae venenatis lectus. Praesent gravida dapibus neque sit amet molestie. Morbi blandit eu dolor a luctus. Vestibulum sollicitudin elit ac nunc scelerisque rhoncus. Nulla felis sapien, condimentum ut imperdiet vel, aliquet id ante. Pellentesque habitant morbi tristique senectus et netus et malesuada fames ac turpis egestas. Quisque ultrices, quam nec scelerisque malesuada, lectus elit semper diam, ac placerat purus tortor et enim.
    </p>
  </div>
</div>
`;

exports[`Cover > correct usage > renders with custom minHeight as custom property 1`] = `
<div
  data-br-cover=""
  style={
    {
      "--gutter": "1rem",
      "--minHeight": "var(--size-xl)",
    }
  }
>
  <div
    data-br-cover-centered=""
  >
    <p>
      Lorem ipsum dolor sit amet, consectetur adipiscing elit. Nullam in vestibulum tortor, vitae venenatis lectus. Praesent gravida dapibus neque sit amet molestie. Morbi blandit eu dolor a luctus. Vestibulum sollicitudin elit ac nunc scelerisque rhoncus. Nulla felis sapien, condimentum ut imperdiet vel, aliquet id ante. Pellentesque habitant morbi tristique senectus et netus et malesuada fames ac turpis egestas. Quisque ultrices, quam nec scelerisque malesuada, lectus elit semper diam, ac placerat purus tortor et enim.
    </p>
  </div>
</div>
`;

exports[`Cover > correct usage > renders with custom minHeight as number 1`] = `
<div
  data-br-cover=""
  style={
    {
      "--gutter": "1rem",
      "--minHeight": "300px",
    }
  }
>
  <div
    data-br-cover-centered=""
  >
    <p>
      Lorem ipsum dolor sit amet, consectetur adipiscing elit. Nullam in vestibulum tortor, vitae venenatis lectus. Praesent gravida dapibus neque sit amet molestie. Morbi blandit eu dolor a luctus. Vestibulum sollicitudin elit ac nunc scelerisque rhoncus. Nulla felis sapien, condimentum ut imperdiet vel, aliquet id ante. Pellentesque habitant morbi tristique senectus et netus et malesuada fames ac turpis egestas. Quisque ultrices, quam nec scelerisque malesuada, lectus elit semper diam, ac placerat purus tortor et enim.
    </p>
  </div>
</div>
`;

exports[`Cover > correct usage > renders with custom minHeight as string 1`] = `
<div
  data-br-cover=""
  style={
    {
      "--gutter": "1rem",
      "--minHeight": "50vh",
    }
  }
>
  <div
    data-br-cover-centered=""
  >
    <p>
      Lorem ipsum dolor sit amet, consectetur adipiscing elit. Nullam in vestibulum tortor, vitae venenatis lectus. Praesent gravida dapibus neque sit amet molestie. Morbi blandit eu dolor a luctus. Vestibulum sollicitudin elit ac nunc scelerisque rhoncus. Nulla felis sapien, condimentum ut imperdiet vel, aliquet id ante. Pellentesque habitant morbi tristique senectus et netus et malesuada fames ac turpis egestas. Quisque ultrices, quam nec scelerisque malesuada, lectus elit semper diam, ac placerat purus tortor et enim.
    </p>
  </div>
</div>
`;

exports[`Cover > correct usage > renders with minHeight as a size property 1`] = `
<div
  data-br-cover=""
  style={
    {
      "--gutter": "1rem",
      "--minHeight": "20ch",
    }
  }
>
  <div
    data-br-cover-centered=""
  >
    <p>
      sizeContent1
    </p>
  </div>
</div>
`;

exports[`Cover > correct usage > renders with minHeight as a size property 2`] = `
<div
  data-br-cover=""
  style={
    {
      "--gutter": "1rem",
      "--minHeight": "45ch",
    }
  }
>
  <div
    data-br-cover-centered=""
  >
    <p>
      sizeContent2
    </p>
  </div>
</div>
`;

exports[`Cover > correct usage > renders with minHeight as a size property 3`] = `
<div
  data-br-cover=""
  style={
    {
      "--gutter": "1rem",
      "--minHeight": "60ch",
    }
  }
>
  <div
    data-br-cover-centered=""
  >
    <p>
      sizeContent3
    </p>
  </div>
</div>
`;

exports[`Cover > correct usage > renders with minHeight as a size property 4`] = `
<div
  data-br-cover=""
  style={
    {
      "--gutter": "1rem",
      "--minHeight": "20ch",
    }
  }
>
  <div
    data-br-cover-centered=""
  >
    <p>
      sizeHeader1
    </p>
  </div>
</div>
`;

exports[`Cover > correct usage > renders with minHeight as a size property 5`] = `
<div
  data-br-cover=""
  style={
    {
      "--gutter": "1rem",
      "--minHeight": "25ch",
    }
  }
>
  <div
    data-br-cover-centered=""
  >
    <p>
      sizeHeader2
    </p>
  </div>
</div>
`;

exports[`Cover > correct usage > renders with minHeight as a size property 6`] = `
<div
  data-br-cover=""
  style={
    {
      "--gutter": "1rem",
      "--minHeight": "35ch",
    }
  }
>
  <div
    data-br-cover-centered=""
  >
    <p>
      sizeHeader3
    </p>
  </div>
</div>
`;

exports[`Cover > correct usage > renders with minHeight as a size property 7`] = `
<div
  data-br-cover=""
  style={
    {
      "--gutter": "1rem",
      "--minHeight": "240px",
    }
  }
>
  <div
    data-br-cover-centered=""
  >
    <p>
      sizeXxs
    </p>
  </div>
</div>
`;

exports[`Cover > correct usage > renders with minHeight as a size property 8`] = `
<div
  data-br-cover=""
  style={
    {
      "--gutter": "1rem",
      "--minHeight": "360px",
    }
  }
>
  <div
    data-br-cover-centered=""
  >
    <p>
      sizeXs
    </p>
  </div>
</div>
`;

exports[`Cover > correct usage > renders with minHeight as a size property 9`] = `
<div
  data-br-cover=""
  style={
    {
      "--gutter": "1rem",
      "--minHeight": "480px",
    }
  }
>
  <div
    data-br-cover-centered=""
  >
    <p>
      sizeSm
    </p>
  </div>
</div>
`;

exports[`Cover > correct usage > renders with minHeight as a size property 10`] = `
<div
  data-br-cover=""
  style={
    {
      "--gutter": "1rem",
      "--minHeight": "768px",
    }
  }
>
  <div
    data-br-cover-centered=""
  >
    <p>
      sizeMd
    </p>
  </div>
</div>
`;

exports[`Cover > correct usage > renders with minHeight as a size property 11`] = `
<div
  data-br-cover=""
  style={
    {
      "--gutter": "1rem",
      "--minHeight": "1024px",
    }
  }
>
  <div
    data-br-cover-centered=""
  >
    <p>
      sizeLg
    </p>
  </div>
</div>
`;

exports[`Cover > correct usage > renders with minHeight as a size property 12`] = `
<div
  data-br-cover=""
  style={
    {
      "--gutter": "1rem",
      "--minHeight": "1440px",
    }
  }
>
  <div
    data-br-cover-centered=""
  >
    <p>
      sizeXl
    </p>
  </div>
</div>
`;

exports[`Cover > correct usage > renders with minHeight as a size property 13`] = `
<div
  data-br-cover=""
  style={
    {
      "--gutter": "1rem",
      "--minHeight": "1920px",
    }
  }
>
  <div
    data-br-cover-centered=""
  >
    <p>
      sizeXxl
    </p>
  </div>
</div>
`;

exports[`Cover > correct usage > renders with stretched content 1`] = `
<div
  data-br-cover="stretch-content"
  style={
    {
      "--gutter": "1rem",
      "--minHeight": undefined,
    }
  }
>
  <div
    data-br-cover-centered=""
  >
    <p>
      Lorem ipsum dolor sit amet, consectetur adipiscing elit. Nullam in vestibulum tortor, vitae venenatis lectus. Praesent gravida dapibus neque sit amet molestie. Morbi blandit eu dolor a luctus. Vestibulum sollicitudin elit ac nunc scelerisque rhoncus. Nulla felis sapien, condimentum ut imperdiet vel, aliquet id ante. Pellentesque habitant morbi tristique senectus et netus et malesuada fames ac turpis egestas. Quisque ultrices, quam nec scelerisque malesuada, lectus elit semper diam, ac placerat purus tortor et enim.
    </p>
  </div>
</div>
`;

exports[`Cover > correct usage > renders with theme overrides 1`] = `
<div
  data-br-cover=""
  style={
    {
      "--gutter": undefined,
      "--minHeight": undefined,
    }
  }
>
  <div
    data-br-cover-centered=""
  >
    <p>
      Lorem ipsum dolor sit amet, consectetur adipiscing elit. Nullam in vestibulum tortor, vitae venenatis lectus. Praesent gravida dapibus neque sit amet molestie. Morbi blandit eu dolor a luctus. Vestibulum sollicitudin elit ac nunc scelerisque rhoncus. Nulla felis sapien, condimentum ut imperdiet vel, aliquet id ante. Pellentesque habitant morbi tristique senectus et netus et malesuada fames ac turpis egestas. Quisque ultrices, quam nec scelerisque malesuada, lectus elit semper diam, ac placerat purus tortor et enim.
    </p>
  </div>
</div>
`;

exports[`Cover > correct usage > renders with top 1`] = `
<div
  data-br-cover=""
  style={
    {
      "--gutter": "1rem",
      "--minHeight": undefined,
    }
  }
>
  <div
    data-br-cover-top=""
  >
    <p>
      Lorem ipsum dolor sit amet, consectetur adipiscing elit. Nullam in vestibulum tortor, vitae venenatis lectus. Praesent gravida dapibus neque sit amet molestie. Morbi blandit eu dolor a luctus. Vestibulum sollicitudin elit ac nunc scelerisque rhoncus. Nulla felis sapien, condimentum ut imperdiet vel, aliquet id ante. Pellentesque habitant morbi tristique senectus et netus et malesuada fames ac turpis egestas. Quisque ultrices, quam nec scelerisque malesuada, lectus elit semper diam, ac placerat purus tortor et enim.
    </p>
  </div>
  <div
    data-br-cover-centered=""
  >
    <p>
      Lorem ipsum dolor sit amet, consectetur adipiscing elit. Nullam in vestibulum tortor, vitae venenatis lectus. Praesent gravida dapibus neque sit amet molestie. Morbi blandit eu dolor a luctus. Vestibulum sollicitudin elit ac nunc scelerisque rhoncus. Nulla felis sapien, condimentum ut imperdiet vel, aliquet id ante. Pellentesque habitant morbi tristique senectus et netus et malesuada fames ac turpis egestas. Quisque ultrices, quam nec scelerisque malesuada, lectus elit semper diam, ac placerat purus tortor et enim.
    </p>
  </div>
</div>
`;

exports[`Cover > correct usage > renders with top and bottom 1`] = `
<div
  data-br-cover=""
  style={
    {
      "--gutter": "1rem",
      "--minHeight": undefined,
    }
  }
>
  <div
    data-br-cover-top=""
  >
    <p>
      Lorem ipsum dolor sit amet, consectetur adipiscing elit. Nullam in vestibulum tortor, vitae venenatis lectus. Praesent gravida dapibus neque sit amet molestie. Morbi blandit eu dolor a luctus. Vestibulum sollicitudin elit ac nunc scelerisque rhoncus. Nulla felis sapien, condimentum ut imperdiet vel, aliquet id ante. Pellentesque habitant morbi tristique senectus et netus et malesuada fames ac turpis egestas. Quisque ultrices, quam nec scelerisque malesuada, lectus elit semper diam, ac placerat purus tortor et enim.
    </p>
  </div>
  <div
    data-br-cover-centered=""
  >
    <p>
      Lorem ipsum dolor sit amet, consectetur adipiscing elit. Nullam in vestibulum tortor, vitae venenatis lectus. Praesent gravida dapibus neque sit amet molestie. Morbi blandit eu dolor a luctus. Vestibulum sollicitudin elit ac nunc scelerisque rhoncus. Nulla felis sapien, condimentum ut imperdiet vel, aliquet id ante. Pellentesque habitant morbi tristique senectus et netus et malesuada fames ac turpis egestas. Quisque ultrices, quam nec scelerisque malesuada, lectus elit semper diam, ac placerat purus tortor et enim.
    </p>
  </div>
  <div
    data-br-cover-bottom=""
  >
    <p>
      Lorem ipsum dolor sit amet, consectetur adipiscing elit. Nullam in vestibulum tortor, vitae venenatis lectus. Praesent gravida dapibus neque sit amet molestie. Morbi blandit eu dolor a luctus. Vestibulum sollicitudin elit ac nunc scelerisque rhoncus. Nulla felis sapien, condimentum ut imperdiet vel, aliquet id ante. Pellentesque habitant morbi tristique senectus et netus et malesuada fames ac turpis egestas. Quisque ultrices, quam nec scelerisque malesuada, lectus elit semper diam, ac placerat purus tortor et enim.
    </p>
  </div>
</div>
`;

exports[`Cover > incorrect usage > renders default with wrong gutter 1`] = `
<div
  data-br-cover=""
  style={
    {
      "--gutter": undefined,
      "--minHeight": undefined,
    }
  }
>
  <div
    data-br-cover-centered=""
  >
    <p>
      Lorem ipsum dolor sit amet, consectetur adipiscing elit. Nullam in vestibulum tortor, vitae venenatis lectus. Praesent gravida dapibus neque sit amet molestie. Morbi blandit eu dolor a luctus. Vestibulum sollicitudin elit ac nunc scelerisque rhoncus. Nulla felis sapien, condimentum ut imperdiet vel, aliquet id ante. Pellentesque habitant morbi tristique senectus et netus et malesuada fames ac turpis egestas. Quisque ultrices, quam nec scelerisque malesuada, lectus elit semper diam, ac placerat purus tortor et enim.
    </p>
  </div>
</div>
`;

exports[`Cover > incorrect usage > renders with min-height incorrect with invalid minHeight 1`] = `
<div
  data-br-cover=""
  style={
    {
      "--gutter": "1rem",
      "--minHeight": undefined,
    }
  }
>
  <div
    data-br-cover-centered=""
  >
    <p>
      Lorem ipsum dolor sit amet, consectetur adipiscing elit. Nullam in vestibulum tortor, vitae venenatis lectus. Praesent gravida dapibus neque sit amet molestie. Morbi blandit eu dolor a luctus. Vestibulum sollicitudin elit ac nunc scelerisque rhoncus. Nulla felis sapien, condimentum ut imperdiet vel, aliquet id ante. Pellentesque habitant morbi tristique senectus et netus et malesuada fames ac turpis egestas. Quisque ultrices, quam nec scelerisque malesuada, lectus elit semper diam, ac placerat purus tortor et enim.
    </p>
  </div>
</div>
`;

exports[`Cover > incorrect usage > renders without stretched conent with invalid stretchContent prop 1`] = `
<div
  data-br-cover=""
  style={
    {
      "--gutter": "1rem",
      "--minHeight": undefined,
    }
  }
>
  <div
    data-br-cover-centered=""
  >
    <p>
      Lorem ipsum dolor sit amet, consectetur adipiscing elit. Nullam in vestibulum tortor, vitae venenatis lectus. Praesent gravida dapibus neque sit amet molestie. Morbi blandit eu dolor a luctus. Vestibulum sollicitudin elit ac nunc scelerisque rhoncus. Nulla felis sapien, condimentum ut imperdiet vel, aliquet id ante. Pellentesque habitant morbi tristique senectus et netus et malesuada fames ac turpis egestas. Quisque ultrices, quam nec scelerisque malesuada, lectus elit semper diam, ac placerat purus tortor et enim.
    </p>
  </div>
</div>
`;
